2026-01-07 00:47:25 [pool-3-thread-1] INFO  ReservationService - Number reservations0
2026-01-07 00:47:25 [pool-3-thread-1] INFO  RoomsCheckoutTask - Checkout rooms task has been executed successfully
2026-01-07 00:47:25 [pool-3-thread-1] INFO  ReservationRepositoryImpl - Expired reservations: 0
2026-01-07 00:47:25 [pool-3-thread-1] INFO  ReservationService - 0 needed Reservations for terminating
2026-01-07 00:47:25 [pool-3-thread-1] INFO  ReservationNoShownTerminateTask - Update for no shown reservation has been executed
2026-01-07 00:47:25 [pool-3-thread-1] INFO  ReservationService - Number reservations0
2026-01-07 00:47:25 [pool-3-thread-1] INFO  RoomsCheckoutTask - Checkout rooms task has been executed successfully
2026-01-07 00:47:25 [pool-3-thread-1] INFO  ReservationService - Number reservations0
2026-01-07 00:47:25 [pool-3-thread-1] INFO  RoomsCheckoutTask - Checkout rooms task has been executed successfully
2026-01-07 00:47:25 [pool-3-thread-1] INFO  ReservationService - Number reservations0
2026-01-07 00:47:25 [pool-3-thread-1] INFO  RoomsCheckoutTask - Checkout rooms task has been executed successfully
2026-01-07 00:47:25 [pool-3-thread-1] INFO  ReservationService - Number reservations0
2026-01-07 00:47:25 [pool-3-thread-1] INFO  RoomsCheckoutTask - Checkout rooms task has been executed successfully
2026-01-07 00:47:25 [pool-3-thread-1] INFO  ReservationService - Number reservations0
2026-01-07 00:47:25 [pool-3-thread-1] INFO  RoomsCheckoutTask - Checkout rooms task has been executed successfully
2026-01-07 00:47:25 [pool-3-thread-1] INFO  ReservationService - Number reservations0
2026-01-07 00:47:25 [pool-3-thread-1] INFO  RoomsCheckoutTask - Checkout rooms task has been executed successfully
2026-01-07 00:47:25 [pool-3-thread-1] INFO  ReservationRepositoryImpl - Expired reservations: 0
2026-01-07 00:47:25 [pool-3-thread-1] INFO  ReservationService - 0 needed Reservations for terminating
2026-01-07 00:47:25 [pool-3-thread-1] INFO  ReservationNoShownTerminateTask - Update for no shown reservation has been executed
2026-01-07 00:47:25 [pool-3-thread-1] INFO  ReservationService - Number reservations0
2026-01-07 00:47:25 [pool-3-thread-1] INFO  RoomsCheckoutTask - Checkout rooms task has been executed successfully
2026-01-07 00:47:25 [pool-3-thread-1] INFO  ReservationService - Number reservations0
2026-01-07 00:47:25 [pool-3-thread-1] INFO  RoomsCheckoutTask - Checkout rooms task has been executed successfully
2026-01-07 00:47:25 [pool-3-thread-1] INFO  ExpiringReservationNotify - Notification for expiring reservation task has been executed !
2026-01-07 00:47:25 [pool-3-thread-1] INFO  ReservationService - Number reservations0
2026-01-07 00:47:25 [pool-3-thread-1] INFO  RoomsCheckoutTask - Checkout rooms task has been executed successfully
2026-01-07 00:47:25 [pool-3-thread-1] INFO  ReservationService - Number reservations0
2026-01-07 00:47:25 [pool-3-thread-1] INFO  RoomsCheckoutTask - Checkout rooms task has been executed successfully
2026-01-07 00:47:25 [pool-3-thread-1] INFO  ReservationService - Number reservations0
2026-01-07 00:47:25 [pool-3-thread-1] INFO  RoomsCheckoutTask - Checkout rooms task has been executed successfully
2026-01-07 00:47:25 [JavaFX-Launcher] INFO  LogHelper - HHH000204: Processing PersistenceUnitInfo [name: myPU]
2026-01-07 00:47:25 [JavaFX-Launcher] INFO  Version - HHH000412: Hibernate ORM core version 6.4.1.Final
2026-01-07 00:47:25 [JavaFX-Launcher] WARN  deprecation - HHH90000021: Encountered deprecated setting [javax.persistence.jdbc.user], use [jakarta.persistence.jdbc.user] instead
2026-01-07 00:47:25 [JavaFX-Launcher] WARN  deprecation - HHH90000021: Encountered deprecated setting [javax.persistence.jdbc.password], use [jakarta.persistence.jdbc.password] instead
2026-01-07 00:47:25 [JavaFX-Launcher] WARN  deprecation - HHH90000021: Encountered deprecated setting [javax.persistence.jdbc.url], use [jakarta.persistence.jdbc.url] instead
2026-01-07 00:47:25 [JavaFX-Launcher] WARN  deprecation - HHH90000021: Encountered deprecated setting [javax.persistence.jdbc.driver], use [jakarta.persistence.jdbc.driver] instead
2026-01-07 00:47:25 [JavaFX-Launcher] INFO  RegionFactoryInitiator - HHH000026: Second-level cache disabled
2026-01-07 00:47:26 [JavaFX-Launcher] WARN  pooling - HHH10001002: Using built-in connection pool (not intended for production use)
2026-01-07 00:47:26 [JavaFX-Launcher] INFO  pooling - HHH10001005: Loaded JDBC driver class: com.mysql.cj.jdbc.Driver
2026-01-07 00:47:26 [JavaFX-Launcher] INFO  pooling - HHH10001012: Connecting with JDBC URL [jdbc:mysql://localhost:3306/hotel]
2026-01-07 00:47:26 [JavaFX-Launcher] INFO  pooling - HHH10001001: Connection properties: {password=****, user=root}
2026-01-07 00:47:26 [JavaFX-Launcher] INFO  pooling - HHH10001003: Autocommit mode: false
2026-01-07 00:47:26 [JavaFX-Launcher] INFO  pooling - HHH10001115: Connection pool size: 20 (min=1)
2026-01-07 00:47:26 [JavaFX-Launcher] WARN  deprecation - HHH90000025: MySQL8Dialect does not need to be specified explicitly using 'hibernate.dialect' (remove the property setting and it will be selected by default)
2026-01-07 00:47:26 [JavaFX-Launcher] WARN  deprecation - HHH90000026: MySQL8Dialect has been deprecated; use org.hibernate.dialect.MySQLDialect instead
2026-01-07 00:47:27 [JavaFX-Launcher] INFO  JtaPlatformInitiator - HHH000489: No JTA platform available (set 'hibernate.transaction.jta.platform' to enable JTA platform integration)
2026-01-07 00:47:27 [JavaFX-Launcher] INFO  access - HHH10001501: Connection obtained from JdbcConnectionAccess [org.hibernate.engine.jdbc.env.internal.JdbcEnvironmentInitiator$ConnectionProviderJdbcConnectionAccess@712fe633] for (non-JTA) DDL execution was not in auto-commit mode; the Connection 'local transaction' will be committed and the Connection will be set into auto-commit mode.
2026-01-07 00:47:27 [JavaFX-Launcher] INFO  LogHelper - HHH000204: Processing PersistenceUnitInfo [name: myPU]
2026-01-07 00:47:27 [JavaFX-Launcher] WARN  deprecation - HHH90000021: Encountered deprecated setting [javax.persistence.jdbc.user], use [jakarta.persistence.jdbc.user] instead
2026-01-07 00:47:27 [JavaFX-Launcher] WARN  deprecation - HHH90000021: Encountered deprecated setting [javax.persistence.jdbc.password], use [jakarta.persistence.jdbc.password] instead
2026-01-07 00:47:27 [JavaFX-Launcher] WARN  deprecation - HHH90000021: Encountered deprecated setting [javax.persistence.jdbc.url], use [jakarta.persistence.jdbc.url] instead
2026-01-07 00:47:27 [JavaFX-Launcher] WARN  deprecation - HHH90000021: Encountered deprecated setting [javax.persistence.jdbc.driver], use [jakarta.persistence.jdbc.driver] instead
2026-01-07 00:47:27 [JavaFX-Launcher] INFO  RegionFactoryInitiator - HHH000026: Second-level cache disabled
2026-01-07 00:47:27 [JavaFX-Launcher] WARN  pooling - HHH10001002: Using built-in connection pool (not intended for production use)
2026-01-07 00:47:27 [JavaFX-Launcher] INFO  pooling - HHH10001005: Loaded JDBC driver class: com.mysql.cj.jdbc.Driver
2026-01-07 00:47:27 [JavaFX-Launcher] INFO  pooling - HHH10001012: Connecting with JDBC URL [jdbc:mysql://localhost:3306/hotel]
2026-01-07 00:47:27 [JavaFX-Launcher] INFO  pooling - HHH10001001: Connection properties: {password=****, user=root}
2026-01-07 00:47:27 [JavaFX-Launcher] INFO  pooling - HHH10001003: Autocommit mode: false
2026-01-07 00:47:27 [JavaFX-Launcher] INFO  pooling - HHH10001115: Connection pool size: 20 (min=1)
2026-01-07 00:47:27 [JavaFX-Launcher] WARN  deprecation - HHH90000025: MySQL8Dialect does not need to be specified explicitly using 'hibernate.dialect' (remove the property setting and it will be selected by default)
2026-01-07 00:47:27 [JavaFX-Launcher] WARN  deprecation - HHH90000026: MySQL8Dialect has been deprecated; use org.hibernate.dialect.MySQLDialect instead
2026-01-07 00:47:27 [JavaFX-Launcher] INFO  JtaPlatformInitiator - HHH000489: No JTA platform available (set 'hibernate.transaction.jta.platform' to enable JTA platform integration)
2026-01-07 00:47:27 [JavaFX-Launcher] INFO  access - HHH10001501: Connection obtained from JdbcConnectionAccess [org.hibernate.engine.jdbc.env.internal.JdbcEnvironmentInitiator$ConnectionProviderJdbcConnectionAccess@6263a3d4] for (non-JTA) DDL execution was not in auto-commit mode; the Connection 'local transaction' will be committed and the Connection will be set into auto-commit mode.
2026-01-07 00:47:27 [JavaFX-Launcher] INFO  LogHelper - HHH000204: Processing PersistenceUnitInfo [name: myPU]
2026-01-07 00:47:27 [JavaFX-Launcher] WARN  deprecation - HHH90000021: Encountered deprecated setting [javax.persistence.jdbc.user], use [jakarta.persistence.jdbc.user] instead
2026-01-07 00:47:27 [JavaFX-Launcher] WARN  deprecation - HHH90000021: Encountered deprecated setting [javax.persistence.jdbc.password], use [jakarta.persistence.jdbc.password] instead
2026-01-07 00:47:27 [JavaFX-Launcher] WARN  deprecation - HHH90000021: Encountered deprecated setting [javax.persistence.jdbc.url], use [jakarta.persistence.jdbc.url] instead
2026-01-07 00:47:27 [JavaFX-Launcher] WARN  deprecation - HHH90000021: Encountered deprecated setting [javax.persistence.jdbc.driver], use [jakarta.persistence.jdbc.driver] instead
2026-01-07 00:47:27 [JavaFX-Launcher] INFO  RegionFactoryInitiator - HHH000026: Second-level cache disabled
2026-01-07 00:47:27 [JavaFX-Launcher] WARN  pooling - HHH10001002: Using built-in connection pool (not intended for production use)
2026-01-07 00:47:27 [JavaFX-Launcher] INFO  pooling - HHH10001005: Loaded JDBC driver class: com.mysql.cj.jdbc.Driver
2026-01-07 00:47:27 [JavaFX-Launcher] INFO  pooling - HHH10001012: Connecting with JDBC URL [jdbc:mysql://localhost:3306/hotel]
2026-01-07 00:47:27 [JavaFX-Launcher] INFO  pooling - HHH10001001: Connection properties: {password=****, user=root}
2026-01-07 00:47:27 [JavaFX-Launcher] INFO  pooling - HHH10001003: Autocommit mode: false
2026-01-07 00:47:27 [JavaFX-Launcher] INFO  pooling - HHH10001115: Connection pool size: 20 (min=1)
2026-01-07 00:47:27 [JavaFX-Launcher] WARN  deprecation - HHH90000025: MySQL8Dialect does not need to be specified explicitly using 'hibernate.dialect' (remove the property setting and it will be selected by default)
2026-01-07 00:47:27 [JavaFX-Launcher] WARN  deprecation - HHH90000026: MySQL8Dialect has been deprecated; use org.hibernate.dialect.MySQLDialect instead
2026-01-07 00:47:28 [JavaFX-Launcher] INFO  JtaPlatformInitiator - HHH000489: No JTA platform available (set 'hibernate.transaction.jta.platform' to enable JTA platform integration)
2026-01-07 00:47:28 [JavaFX-Launcher] INFO  access - HHH10001501: Connection obtained from JdbcConnectionAccess [org.hibernate.engine.jdbc.env.internal.JdbcEnvironmentInitiator$ConnectionProviderJdbcConnectionAccess@14da7f16] for (non-JTA) DDL execution was not in auto-commit mode; the Connection 'local transaction' will be committed and the Connection will be set into auto-commit mode.
2026-01-07 00:47:28 [JavaFX-Launcher] INFO  LogHelper - HHH000204: Processing PersistenceUnitInfo [name: myPU]
2026-01-07 00:47:28 [JavaFX-Launcher] WARN  deprecation - HHH90000021: Encountered deprecated setting [javax.persistence.jdbc.user], use [jakarta.persistence.jdbc.user] instead
2026-01-07 00:47:28 [JavaFX-Launcher] WARN  deprecation - HHH90000021: Encountered deprecated setting [javax.persistence.jdbc.password], use [jakarta.persistence.jdbc.password] instead
2026-01-07 00:47:28 [JavaFX-Launcher] WARN  deprecation - HHH90000021: Encountered deprecated setting [javax.persistence.jdbc.url], use [jakarta.persistence.jdbc.url] instead
2026-01-07 00:47:28 [JavaFX-Launcher] WARN  deprecation - HHH90000021: Encountered deprecated setting [javax.persistence.jdbc.driver], use [jakarta.persistence.jdbc.driver] instead
2026-01-07 00:47:28 [JavaFX-Launcher] INFO  RegionFactoryInitiator - HHH000026: Second-level cache disabled
2026-01-07 00:47:28 [JavaFX-Launcher] WARN  pooling - HHH10001002: Using built-in connection pool (not intended for production use)
2026-01-07 00:47:28 [JavaFX-Launcher] INFO  pooling - HHH10001005: Loaded JDBC driver class: com.mysql.cj.jdbc.Driver
2026-01-07 00:47:28 [JavaFX-Launcher] INFO  pooling - HHH10001012: Connecting with JDBC URL [jdbc:mysql://localhost:3306/hotel]
2026-01-07 00:47:28 [JavaFX-Launcher] INFO  pooling - HHH10001001: Connection properties: {password=****, user=root}
2026-01-07 00:47:28 [JavaFX-Launcher] INFO  pooling - HHH10001003: Autocommit mode: false
2026-01-07 00:47:28 [JavaFX-Launcher] INFO  pooling - HHH10001115: Connection pool size: 20 (min=1)
2026-01-07 00:47:28 [JavaFX-Launcher] WARN  deprecation - HHH90000025: MySQL8Dialect does not need to be specified explicitly using 'hibernate.dialect' (remove the property setting and it will be selected by default)
2026-01-07 00:47:28 [JavaFX-Launcher] WARN  deprecation - HHH90000026: MySQL8Dialect has been deprecated; use org.hibernate.dialect.MySQLDialect instead
2026-01-07 00:47:28 [JavaFX-Launcher] INFO  JtaPlatformInitiator - HHH000489: No JTA platform available (set 'hibernate.transaction.jta.platform' to enable JTA platform integration)
2026-01-07 00:47:28 [JavaFX-Launcher] INFO  access - HHH10001501: Connection obtained from JdbcConnectionAccess [org.hibernate.engine.jdbc.env.internal.JdbcEnvironmentInitiator$ConnectionProviderJdbcConnectionAccess@109e55c] for (non-JTA) DDL execution was not in auto-commit mode; the Connection 'local transaction' will be committed and the Connection will be set into auto-commit mode.
2026-01-07 00:47:28 [JavaFX-Launcher] INFO  LogHelper - HHH000204: Processing PersistenceUnitInfo [name: myPU]
2026-01-07 00:47:28 [JavaFX-Launcher] WARN  deprecation - HHH90000021: Encountered deprecated setting [javax.persistence.jdbc.user], use [jakarta.persistence.jdbc.user] instead
2026-01-07 00:47:28 [JavaFX-Launcher] WARN  deprecation - HHH90000021: Encountered deprecated setting [javax.persistence.jdbc.password], use [jakarta.persistence.jdbc.password] instead
2026-01-07 00:47:28 [JavaFX-Launcher] WARN  deprecation - HHH90000021: Encountered deprecated setting [javax.persistence.jdbc.url], use [jakarta.persistence.jdbc.url] instead
2026-01-07 00:47:28 [JavaFX-Launcher] WARN  deprecation - HHH90000021: Encountered deprecated setting [javax.persistence.jdbc.driver], use [jakarta.persistence.jdbc.driver] instead
2026-01-07 00:47:28 [JavaFX-Launcher] INFO  RegionFactoryInitiator - HHH000026: Second-level cache disabled
2026-01-07 00:47:28 [JavaFX-Launcher] WARN  pooling - HHH10001002: Using built-in connection pool (not intended for production use)
2026-01-07 00:47:28 [JavaFX-Launcher] INFO  pooling - HHH10001005: Loaded JDBC driver class: com.mysql.cj.jdbc.Driver
2026-01-07 00:47:28 [JavaFX-Launcher] INFO  pooling - HHH10001012: Connecting with JDBC URL [jdbc:mysql://localhost:3306/hotel]
2026-01-07 00:47:28 [JavaFX-Launcher] INFO  pooling - HHH10001001: Connection properties: {password=****, user=root}
2026-01-07 00:47:28 [JavaFX-Launcher] INFO  pooling - HHH10001003: Autocommit mode: false
2026-01-07 00:47:28 [JavaFX-Launcher] INFO  pooling - HHH10001115: Connection pool size: 20 (min=1)
2026-01-07 00:47:28 [JavaFX-Launcher] WARN  deprecation - HHH90000025: MySQL8Dialect does not need to be specified explicitly using 'hibernate.dialect' (remove the property setting and it will be selected by default)
2026-01-07 00:47:28 [JavaFX-Launcher] WARN  deprecation - HHH90000026: MySQL8Dialect has been deprecated; use org.hibernate.dialect.MySQLDialect instead
2026-01-07 00:47:28 [JavaFX-Launcher] INFO  JtaPlatformInitiator - HHH000489: No JTA platform available (set 'hibernate.transaction.jta.platform' to enable JTA platform integration)
2026-01-07 00:47:28 [JavaFX-Launcher] INFO  access - HHH10001501: Connection obtained from JdbcConnectionAccess [org.hibernate.engine.jdbc.env.internal.JdbcEnvironmentInitiator$ConnectionProviderJdbcConnectionAccess@51ca2943] for (non-JTA) DDL execution was not in auto-commit mode; the Connection 'local transaction' will be committed and the Connection will be set into auto-commit mode.
2026-01-07 00:47:28 [JavaFX-Launcher] INFO  LogHelper - HHH000204: Processing PersistenceUnitInfo [name: myPU]
2026-01-07 00:47:28 [JavaFX-Launcher] WARN  deprecation - HHH90000021: Encountered deprecated setting [javax.persistence.jdbc.user], use [jakarta.persistence.jdbc.user] instead
2026-01-07 00:47:28 [JavaFX-Launcher] WARN  deprecation - HHH90000021: Encountered deprecated setting [javax.persistence.jdbc.password], use [jakarta.persistence.jdbc.password] instead
2026-01-07 00:47:28 [JavaFX-Launcher] WARN  deprecation - HHH90000021: Encountered deprecated setting [javax.persistence.jdbc.url], use [jakarta.persistence.jdbc.url] instead
2026-01-07 00:47:28 [JavaFX-Launcher] WARN  deprecation - HHH90000021: Encountered deprecated setting [javax.persistence.jdbc.driver], use [jakarta.persistence.jdbc.driver] instead
2026-01-07 00:47:28 [JavaFX-Launcher] INFO  RegionFactoryInitiator - HHH000026: Second-level cache disabled
2026-01-07 00:47:28 [JavaFX-Launcher] WARN  pooling - HHH10001002: Using built-in connection pool (not intended for production use)
2026-01-07 00:47:28 [JavaFX-Launcher] INFO  pooling - HHH10001005: Loaded JDBC driver class: com.mysql.cj.jdbc.Driver
2026-01-07 00:47:28 [JavaFX-Launcher] INFO  pooling - HHH10001012: Connecting with JDBC URL [jdbc:mysql://localhost:3306/hotel]
2026-01-07 00:47:28 [JavaFX-Launcher] INFO  pooling - HHH10001001: Connection properties: {password=****, user=root}
2026-01-07 00:47:28 [JavaFX-Launcher] INFO  pooling - HHH10001003: Autocommit mode: false
2026-01-07 00:47:28 [JavaFX-Launcher] INFO  pooling - HHH10001115: Connection pool size: 20 (min=1)
2026-01-07 00:47:28 [JavaFX-Launcher] WARN  deprecation - HHH90000025: MySQL8Dialect does not need to be specified explicitly using 'hibernate.dialect' (remove the property setting and it will be selected by default)
2026-01-07 00:47:28 [JavaFX-Launcher] WARN  deprecation - HHH90000026: MySQL8Dialect has been deprecated; use org.hibernate.dialect.MySQLDialect instead
2026-01-07 00:47:28 [JavaFX-Launcher] INFO  JtaPlatformInitiator - HHH000489: No JTA platform available (set 'hibernate.transaction.jta.platform' to enable JTA platform integration)
2026-01-07 00:47:28 [JavaFX-Launcher] INFO  access - HHH10001501: Connection obtained from JdbcConnectionAccess [org.hibernate.engine.jdbc.env.internal.JdbcEnvironmentInitiator$ConnectionProviderJdbcConnectionAccess@734db0ac] for (non-JTA) DDL execution was not in auto-commit mode; the Connection 'local transaction' will be committed and the Connection will be set into auto-commit mode.
2026-01-07 00:47:28 [JavaFX-Launcher] INFO  LogHelper - HHH000204: Processing PersistenceUnitInfo [name: myPU]
2026-01-07 00:47:28 [JavaFX-Launcher] WARN  deprecation - HHH90000021: Encountered deprecated setting [javax.persistence.jdbc.user], use [jakarta.persistence.jdbc.user] instead
2026-01-07 00:47:28 [JavaFX-Launcher] WARN  deprecation - HHH90000021: Encountered deprecated setting [javax.persistence.jdbc.password], use [jakarta.persistence.jdbc.password] instead
2026-01-07 00:47:28 [JavaFX-Launcher] WARN  deprecation - HHH90000021: Encountered deprecated setting [javax.persistence.jdbc.url], use [jakarta.persistence.jdbc.url] instead
2026-01-07 00:47:28 [JavaFX-Launcher] WARN  deprecation - HHH90000021: Encountered deprecated setting [javax.persistence.jdbc.driver], use [jakarta.persistence.jdbc.driver] instead
2026-01-07 00:47:28 [JavaFX-Launcher] INFO  RegionFactoryInitiator - HHH000026: Second-level cache disabled
2026-01-07 00:47:28 [JavaFX-Launcher] WARN  pooling - HHH10001002: Using built-in connection pool (not intended for production use)
2026-01-07 00:47:28 [JavaFX-Launcher] INFO  pooling - HHH10001005: Loaded JDBC driver class: com.mysql.cj.jdbc.Driver
2026-01-07 00:47:28 [JavaFX-Launcher] INFO  pooling - HHH10001012: Connecting with JDBC URL [jdbc:mysql://localhost:3306/hotel]
2026-01-07 00:47:28 [JavaFX-Launcher] INFO  pooling - HHH10001001: Connection properties: {password=****, user=root}
2026-01-07 00:47:28 [JavaFX-Launcher] INFO  pooling - HHH10001003: Autocommit mode: false
2026-01-07 00:47:28 [JavaFX-Launcher] INFO  pooling - HHH10001115: Connection pool size: 20 (min=1)
2026-01-07 00:47:28 [JavaFX-Launcher] WARN  deprecation - HHH90000025: MySQL8Dialect does not need to be specified explicitly using 'hibernate.dialect' (remove the property setting and it will be selected by default)
2026-01-07 00:47:28 [JavaFX-Launcher] WARN  deprecation - HHH90000026: MySQL8Dialect has been deprecated; use org.hibernate.dialect.MySQLDialect instead
2026-01-07 00:47:29 [JavaFX-Launcher] INFO  JtaPlatformInitiator - HHH000489: No JTA platform available (set 'hibernate.transaction.jta.platform' to enable JTA platform integration)
2026-01-07 00:47:29 [JavaFX-Launcher] INFO  access - HHH10001501: Connection obtained from JdbcConnectionAccess [org.hibernate.engine.jdbc.env.internal.JdbcEnvironmentInitiator$ConnectionProviderJdbcConnectionAccess@5bbb5583] for (non-JTA) DDL execution was not in auto-commit mode; the Connection 'local transaction' will be committed and the Connection will be set into auto-commit mode.
2026-01-07 00:47:29 [JavaFX-Launcher] INFO  LogHelper - HHH000204: Processing PersistenceUnitInfo [name: myPU]
2026-01-07 00:47:29 [JavaFX-Launcher] WARN  deprecation - HHH90000021: Encountered deprecated setting [javax.persistence.jdbc.user], use [jakarta.persistence.jdbc.user] instead
2026-01-07 00:47:29 [JavaFX-Launcher] WARN  deprecation - HHH90000021: Encountered deprecated setting [javax.persistence.jdbc.password], use [jakarta.persistence.jdbc.password] instead
2026-01-07 00:47:29 [JavaFX-Launcher] WARN  deprecation - HHH90000021: Encountered deprecated setting [javax.persistence.jdbc.url], use [jakarta.persistence.jdbc.url] instead
2026-01-07 00:47:29 [JavaFX-Launcher] WARN  deprecation - HHH90000021: Encountered deprecated setting [javax.persistence.jdbc.driver], use [jakarta.persistence.jdbc.driver] instead
2026-01-07 00:47:29 [JavaFX-Launcher] INFO  RegionFactoryInitiator - HHH000026: Second-level cache disabled
2026-01-07 00:47:29 [JavaFX-Launcher] WARN  pooling - HHH10001002: Using built-in connection pool (not intended for production use)
2026-01-07 00:47:29 [JavaFX-Launcher] INFO  pooling - HHH10001005: Loaded JDBC driver class: com.mysql.cj.jdbc.Driver
2026-01-07 00:47:29 [JavaFX-Launcher] INFO  pooling - HHH10001012: Connecting with JDBC URL [jdbc:mysql://localhost:3306/hotel]
2026-01-07 00:47:29 [JavaFX-Launcher] INFO  pooling - HHH10001001: Connection properties: {password=****, user=root}
2026-01-07 00:47:29 [JavaFX-Launcher] INFO  pooling - HHH10001003: Autocommit mode: false
2026-01-07 00:47:29 [JavaFX-Launcher] INFO  pooling - HHH10001115: Connection pool size: 20 (min=1)
2026-01-07 00:47:29 [JavaFX-Launcher] WARN  deprecation - HHH90000025: MySQL8Dialect does not need to be specified explicitly using 'hibernate.dialect' (remove the property setting and it will be selected by default)
2026-01-07 00:47:29 [JavaFX-Launcher] WARN  deprecation - HHH90000026: MySQL8Dialect has been deprecated; use org.hibernate.dialect.MySQLDialect instead
2026-01-07 00:47:29 [JavaFX-Launcher] INFO  JtaPlatformInitiator - HHH000489: No JTA platform available (set 'hibernate.transaction.jta.platform' to enable JTA platform integration)
2026-01-07 00:47:29 [JavaFX-Launcher] INFO  access - HHH10001501: Connection obtained from JdbcConnectionAccess [org.hibernate.engine.jdbc.env.internal.JdbcEnvironmentInitiator$ConnectionProviderJdbcConnectionAccess@455558c4] for (non-JTA) DDL execution was not in auto-commit mode; the Connection 'local transaction' will be committed and the Connection will be set into auto-commit mode.
2026-01-07 00:47:29 [JavaFX-Launcher] INFO  LogHelper - HHH000204: Processing PersistenceUnitInfo [name: myPU]
2026-01-07 00:47:29 [JavaFX-Launcher] WARN  deprecation - HHH90000021: Encountered deprecated setting [javax.persistence.jdbc.user], use [jakarta.persistence.jdbc.user] instead
2026-01-07 00:47:29 [JavaFX-Launcher] WARN  deprecation - HHH90000021: Encountered deprecated setting [javax.persistence.jdbc.password], use [jakarta.persistence.jdbc.password] instead
2026-01-07 00:47:29 [JavaFX-Launcher] WARN  deprecation - HHH90000021: Encountered deprecated setting [javax.persistence.jdbc.url], use [jakarta.persistence.jdbc.url] instead
2026-01-07 00:47:29 [JavaFX-Launcher] WARN  deprecation - HHH90000021: Encountered deprecated setting [javax.persistence.jdbc.driver], use [jakarta.persistence.jdbc.driver] instead
2026-01-07 00:47:29 [JavaFX-Launcher] INFO  RegionFactoryInitiator - HHH000026: Second-level cache disabled
2026-01-07 00:47:29 [JavaFX-Launcher] WARN  pooling - HHH10001002: Using built-in connection pool (not intended for production use)
2026-01-07 00:47:29 [JavaFX-Launcher] INFO  pooling - HHH10001005: Loaded JDBC driver class: com.mysql.cj.jdbc.Driver
2026-01-07 00:47:29 [JavaFX-Launcher] INFO  pooling - HHH10001012: Connecting with JDBC URL [jdbc:mysql://localhost:3306/hotel]
2026-01-07 00:47:29 [JavaFX-Launcher] INFO  pooling - HHH10001001: Connection properties: {password=****, user=root}
2026-01-07 00:47:29 [JavaFX-Launcher] INFO  pooling - HHH10001003: Autocommit mode: false
2026-01-07 00:47:29 [JavaFX-Launcher] INFO  pooling - HHH10001115: Connection pool size: 20 (min=1)
2026-01-07 00:47:29 [JavaFX-Launcher] WARN  deprecation - HHH90000025: MySQL8Dialect does not need to be specified explicitly using 'hibernate.dialect' (remove the property setting and it will be selected by default)
2026-01-07 00:47:29 [JavaFX-Launcher] WARN  deprecation - HHH90000026: MySQL8Dialect has been deprecated; use org.hibernate.dialect.MySQLDialect instead
2026-01-07 00:47:29 [JavaFX-Launcher] INFO  JtaPlatformInitiator - HHH000489: No JTA platform available (set 'hibernate.transaction.jta.platform' to enable JTA platform integration)
2026-01-07 00:47:29 [JavaFX-Launcher] INFO  access - HHH10001501: Connection obtained from JdbcConnectionAccess [org.hibernate.engine.jdbc.env.internal.JdbcEnvironmentInitiator$ConnectionProviderJdbcConnectionAccess@30655384] for (non-JTA) DDL execution was not in auto-commit mode; the Connection 'local transaction' will be committed and the Connection will be set into auto-commit mode.
2026-01-07 00:47:29 [JavaFX-Launcher] INFO  LogHelper - HHH000204: Processing PersistenceUnitInfo [name: myPU]
2026-01-07 00:47:29 [JavaFX-Launcher] WARN  deprecation - HHH90000021: Encountered deprecated setting [javax.persistence.jdbc.user], use [jakarta.persistence.jdbc.user] instead
2026-01-07 00:47:29 [JavaFX-Launcher] WARN  deprecation - HHH90000021: Encountered deprecated setting [javax.persistence.jdbc.password], use [jakarta.persistence.jdbc.password] instead
2026-01-07 00:47:29 [JavaFX-Launcher] WARN  deprecation - HHH90000021: Encountered deprecated setting [javax.persistence.jdbc.url], use [jakarta.persistence.jdbc.url] instead
2026-01-07 00:47:29 [JavaFX-Launcher] WARN  deprecation - HHH90000021: Encountered deprecated setting [javax.persistence.jdbc.driver], use [jakarta.persistence.jdbc.driver] instead
2026-01-07 00:47:29 [JavaFX-Launcher] INFO  RegionFactoryInitiator - HHH000026: Second-level cache disabled
2026-01-07 00:47:29 [JavaFX-Launcher] WARN  pooling - HHH10001002: Using built-in connection pool (not intended for production use)
2026-01-07 00:47:29 [JavaFX-Launcher] INFO  pooling - HHH10001005: Loaded JDBC driver class: com.mysql.cj.jdbc.Driver
2026-01-07 00:47:29 [JavaFX-Launcher] INFO  pooling - HHH10001012: Connecting with JDBC URL [jdbc:mysql://localhost:3306/hotel]
2026-01-07 00:47:29 [JavaFX-Launcher] INFO  pooling - HHH10001001: Connection properties: {password=****, user=root}
2026-01-07 00:47:29 [JavaFX-Launcher] INFO  pooling - HHH10001003: Autocommit mode: false
2026-01-07 00:47:29 [JavaFX-Launcher] INFO  pooling - HHH10001115: Connection pool size: 20 (min=1)
2026-01-07 00:47:29 [JavaFX-Launcher] WARN  deprecation - HHH90000025: MySQL8Dialect does not need to be specified explicitly using 'hibernate.dialect' (remove the property setting and it will be selected by default)
2026-01-07 00:47:29 [JavaFX-Launcher] WARN  deprecation - HHH90000026: MySQL8Dialect has been deprecated; use org.hibernate.dialect.MySQLDialect instead
2026-01-07 00:47:29 [JavaFX-Launcher] INFO  JtaPlatformInitiator - HHH000489: No JTA platform available (set 'hibernate.transaction.jta.platform' to enable JTA platform integration)
2026-01-07 00:47:29 [JavaFX-Launcher] INFO  access - HHH10001501: Connection obtained from JdbcConnectionAccess [org.hibernate.engine.jdbc.env.internal.JdbcEnvironmentInitiator$ConnectionProviderJdbcConnectionAccess@6a40c238] for (non-JTA) DDL execution was not in auto-commit mode; the Connection 'local transaction' will be committed and the Connection will be set into auto-commit mode.
2026-01-07 00:47:30 [pool-3-thread-1] INFO  ReservationRepositoryImpl - Expired reservations: 0
2026-01-07 00:47:30 [pool-3-thread-1] INFO  ReservationService - 0 needed Reservations for terminating
2026-01-07 00:47:30 [pool-3-thread-1] INFO  ReservationNoShownTerminateTask - Update for no shown reservation has been executed
2026-01-07 00:47:31 [pool-3-thread-1] INFO  ReservationService - Number reservations0
2026-01-07 00:47:31 [pool-3-thread-1] INFO  RoomsCheckoutTask - Checkout rooms task has been executed successfully
2026-01-07 00:47:38 [JavaFX Application Thread] ERROR UserService - The account is inactive
2026-01-07 00:47:41 [JavaFX Application Thread] ERROR UserService - The account is inactive
2026-01-07 00:47:42 [JavaFX Application Thread] ERROR UserService - The account is inactive
2026-01-07 01:07:03 [JavaFX-Launcher] INFO  LogHelper - HHH000204: Processing PersistenceUnitInfo [name: myPU]
2026-01-07 01:07:03 [JavaFX-Launcher] INFO  Version - HHH000412: Hibernate ORM core version 6.4.1.Final
2026-01-07 01:07:03 [JavaFX-Launcher] WARN  deprecation - HHH90000021: Encountered deprecated setting [javax.persistence.jdbc.user], use [jakarta.persistence.jdbc.user] instead
2026-01-07 01:07:03 [JavaFX-Launcher] WARN  deprecation - HHH90000021: Encountered deprecated setting [javax.persistence.jdbc.password], use [jakarta.persistence.jdbc.password] instead
2026-01-07 01:07:03 [JavaFX-Launcher] WARN  deprecation - HHH90000021: Encountered deprecated setting [javax.persistence.jdbc.url], use [jakarta.persistence.jdbc.url] instead
2026-01-07 01:07:03 [JavaFX-Launcher] WARN  deprecation - HHH90000021: Encountered deprecated setting [javax.persistence.jdbc.driver], use [jakarta.persistence.jdbc.driver] instead
2026-01-07 01:07:03 [JavaFX-Launcher] INFO  RegionFactoryInitiator - HHH000026: Second-level cache disabled
2026-01-07 01:07:03 [JavaFX-Launcher] WARN  pooling - HHH10001002: Using built-in connection pool (not intended for production use)
2026-01-07 01:07:03 [JavaFX-Launcher] INFO  pooling - HHH10001005: Loaded JDBC driver class: com.mysql.cj.jdbc.Driver
2026-01-07 01:07:03 [JavaFX-Launcher] INFO  pooling - HHH10001012: Connecting with JDBC URL [jdbc:mysql://localhost:3306/hotel]
2026-01-07 01:07:03 [JavaFX-Launcher] INFO  pooling - HHH10001001: Connection properties: {password=****, user=root}
2026-01-07 01:07:03 [JavaFX-Launcher] INFO  pooling - HHH10001003: Autocommit mode: false
2026-01-07 01:07:03 [JavaFX-Launcher] INFO  pooling - HHH10001115: Connection pool size: 20 (min=1)
2026-01-07 01:07:03 [JavaFX-Launcher] WARN  deprecation - HHH90000025: MySQL8Dialect does not need to be specified explicitly using 'hibernate.dialect' (remove the property setting and it will be selected by default)
2026-01-07 01:07:03 [JavaFX-Launcher] WARN  deprecation - HHH90000026: MySQL8Dialect has been deprecated; use org.hibernate.dialect.MySQLDialect instead
2026-01-07 01:07:04 [JavaFX-Launcher] INFO  JtaPlatformInitiator - HHH000489: No JTA platform available (set 'hibernate.transaction.jta.platform' to enable JTA platform integration)
2026-01-07 01:07:04 [JavaFX-Launcher] INFO  access - HHH10001501: Connection obtained from JdbcConnectionAccess [org.hibernate.engine.jdbc.env.internal.JdbcEnvironmentInitiator$ConnectionProviderJdbcConnectionAccess@ab3be74] for (non-JTA) DDL execution was not in auto-commit mode; the Connection 'local transaction' will be committed and the Connection will be set into auto-commit mode.
2026-01-07 01:07:06 [JavaFX-Launcher] INFO  LogHelper - HHH000204: Processing PersistenceUnitInfo [name: myPU]
2026-01-07 01:07:06 [JavaFX-Launcher] WARN  deprecation - HHH90000021: Encountered deprecated setting [javax.persistence.jdbc.user], use [jakarta.persistence.jdbc.user] instead
2026-01-07 01:07:06 [JavaFX-Launcher] WARN  deprecation - HHH90000021: Encountered deprecated setting [javax.persistence.jdbc.password], use [jakarta.persistence.jdbc.password] instead
2026-01-07 01:07:06 [JavaFX-Launcher] WARN  deprecation - HHH90000021: Encountered deprecated setting [javax.persistence.jdbc.url], use [jakarta.persistence.jdbc.url] instead
2026-01-07 01:07:06 [JavaFX-Launcher] WARN  deprecation - HHH90000021: Encountered deprecated setting [javax.persistence.jdbc.driver], use [jakarta.persistence.jdbc.driver] instead
2026-01-07 01:07:06 [JavaFX-Launcher] INFO  RegionFactoryInitiator - HHH000026: Second-level cache disabled
2026-01-07 01:07:06 [JavaFX-Launcher] WARN  pooling - HHH10001002: Using built-in connection pool (not intended for production use)
2026-01-07 01:07:06 [JavaFX-Launcher] INFO  pooling - HHH10001005: Loaded JDBC driver class: com.mysql.cj.jdbc.Driver
2026-01-07 01:07:06 [JavaFX-Launcher] INFO  pooling - HHH10001012: Connecting with JDBC URL [jdbc:mysql://localhost:3306/hotel]
2026-01-07 01:07:06 [JavaFX-Launcher] INFO  pooling - HHH10001001: Connection properties: {password=****, user=root}
2026-01-07 01:07:06 [JavaFX-Launcher] INFO  pooling - HHH10001003: Autocommit mode: false
2026-01-07 01:07:06 [JavaFX-Launcher] INFO  pooling - HHH10001115: Connection pool size: 20 (min=1)
2026-01-07 01:07:06 [JavaFX-Launcher] WARN  deprecation - HHH90000025: MySQL8Dialect does not need to be specified explicitly using 'hibernate.dialect' (remove the property setting and it will be selected by default)
2026-01-07 01:07:06 [JavaFX-Launcher] WARN  deprecation - HHH90000026: MySQL8Dialect has been deprecated; use org.hibernate.dialect.MySQLDialect instead
2026-01-07 01:07:06 [JavaFX-Launcher] INFO  JtaPlatformInitiator - HHH000489: No JTA platform available (set 'hibernate.transaction.jta.platform' to enable JTA platform integration)
2026-01-07 01:07:06 [JavaFX-Launcher] INFO  access - HHH10001501: Connection obtained from JdbcConnectionAccess [org.hibernate.engine.jdbc.env.internal.JdbcEnvironmentInitiator$ConnectionProviderJdbcConnectionAccess@7df1f7bd] for (non-JTA) DDL execution was not in auto-commit mode; the Connection 'local transaction' will be committed and the Connection will be set into auto-commit mode.
2026-01-07 01:07:07 [JavaFX-Launcher] INFO  LogHelper - HHH000204: Processing PersistenceUnitInfo [name: myPU]
2026-01-07 01:07:07 [JavaFX-Launcher] WARN  deprecation - HHH90000021: Encountered deprecated setting [javax.persistence.jdbc.user], use [jakarta.persistence.jdbc.user] instead
2026-01-07 01:07:07 [JavaFX-Launcher] WARN  deprecation - HHH90000021: Encountered deprecated setting [javax.persistence.jdbc.password], use [jakarta.persistence.jdbc.password] instead
2026-01-07 01:07:07 [JavaFX-Launcher] WARN  deprecation - HHH90000021: Encountered deprecated setting [javax.persistence.jdbc.url], use [jakarta.persistence.jdbc.url] instead
2026-01-07 01:07:07 [JavaFX-Launcher] WARN  deprecation - HHH90000021: Encountered deprecated setting [javax.persistence.jdbc.driver], use [jakarta.persistence.jdbc.driver] instead
2026-01-07 01:07:07 [JavaFX-Launcher] INFO  RegionFactoryInitiator - HHH000026: Second-level cache disabled
2026-01-07 01:07:07 [JavaFX-Launcher] WARN  pooling - HHH10001002: Using built-in connection pool (not intended for production use)
2026-01-07 01:07:07 [JavaFX-Launcher] INFO  pooling - HHH10001005: Loaded JDBC driver class: com.mysql.cj.jdbc.Driver
2026-01-07 01:07:07 [JavaFX-Launcher] INFO  pooling - HHH10001012: Connecting with JDBC URL [jdbc:mysql://localhost:3306/hotel]
2026-01-07 01:07:07 [JavaFX-Launcher] INFO  pooling - HHH10001001: Connection properties: {password=****, user=root}
2026-01-07 01:07:07 [JavaFX-Launcher] INFO  pooling - HHH10001003: Autocommit mode: false
2026-01-07 01:07:07 [JavaFX-Launcher] INFO  pooling - HHH10001115: Connection pool size: 20 (min=1)
2026-01-07 01:07:07 [JavaFX-Launcher] WARN  deprecation - HHH90000025: MySQL8Dialect does not need to be specified explicitly using 'hibernate.dialect' (remove the property setting and it will be selected by default)
2026-01-07 01:07:07 [JavaFX-Launcher] WARN  deprecation - HHH90000026: MySQL8Dialect has been deprecated; use org.hibernate.dialect.MySQLDialect instead
2026-01-07 01:07:07 [JavaFX-Launcher] INFO  JtaPlatformInitiator - HHH000489: No JTA platform available (set 'hibernate.transaction.jta.platform' to enable JTA platform integration)
2026-01-07 01:07:07 [JavaFX-Launcher] INFO  access - HHH10001501: Connection obtained from JdbcConnectionAccess [org.hibernate.engine.jdbc.env.internal.JdbcEnvironmentInitiator$ConnectionProviderJdbcConnectionAccess@44786792] for (non-JTA) DDL execution was not in auto-commit mode; the Connection 'local transaction' will be committed and the Connection will be set into auto-commit mode.
2026-01-07 01:07:07 [JavaFX-Launcher] INFO  LogHelper - HHH000204: Processing PersistenceUnitInfo [name: myPU]
2026-01-07 01:07:07 [JavaFX-Launcher] WARN  deprecation - HHH90000021: Encountered deprecated setting [javax.persistence.jdbc.user], use [jakarta.persistence.jdbc.user] instead
2026-01-07 01:07:07 [JavaFX-Launcher] WARN  deprecation - HHH90000021: Encountered deprecated setting [javax.persistence.jdbc.password], use [jakarta.persistence.jdbc.password] instead
2026-01-07 01:07:07 [JavaFX-Launcher] WARN  deprecation - HHH90000021: Encountered deprecated setting [javax.persistence.jdbc.url], use [jakarta.persistence.jdbc.url] instead
2026-01-07 01:07:07 [JavaFX-Launcher] WARN  deprecation - HHH90000021: Encountered deprecated setting [javax.persistence.jdbc.driver], use [jakarta.persistence.jdbc.driver] instead
2026-01-07 01:07:07 [JavaFX-Launcher] INFO  RegionFactoryInitiator - HHH000026: Second-level cache disabled
2026-01-07 01:07:07 [JavaFX-Launcher] WARN  pooling - HHH10001002: Using built-in connection pool (not intended for production use)
2026-01-07 01:07:07 [JavaFX-Launcher] INFO  pooling - HHH10001005: Loaded JDBC driver class: com.mysql.cj.jdbc.Driver
2026-01-07 01:07:07 [JavaFX-Launcher] INFO  pooling - HHH10001012: Connecting with JDBC URL [jdbc:mysql://localhost:3306/hotel]
2026-01-07 01:07:07 [JavaFX-Launcher] INFO  pooling - HHH10001001: Connection properties: {password=****, user=root}
2026-01-07 01:07:07 [JavaFX-Launcher] INFO  pooling - HHH10001003: Autocommit mode: false
2026-01-07 01:07:07 [JavaFX-Launcher] INFO  pooling - HHH10001115: Connection pool size: 20 (min=1)
2026-01-07 01:07:07 [JavaFX-Launcher] WARN  deprecation - HHH90000025: MySQL8Dialect does not need to be specified explicitly using 'hibernate.dialect' (remove the property setting and it will be selected by default)
2026-01-07 01:07:07 [JavaFX-Launcher] WARN  deprecation - HHH90000026: MySQL8Dialect has been deprecated; use org.hibernate.dialect.MySQLDialect instead
2026-01-07 01:07:07 [JavaFX-Launcher] INFO  JtaPlatformInitiator - HHH000489: No JTA platform available (set 'hibernate.transaction.jta.platform' to enable JTA platform integration)
2026-01-07 01:07:07 [JavaFX-Launcher] INFO  access - HHH10001501: Connection obtained from JdbcConnectionAccess [org.hibernate.engine.jdbc.env.internal.JdbcEnvironmentInitiator$ConnectionProviderJdbcConnectionAccess@36dc5010] for (non-JTA) DDL execution was not in auto-commit mode; the Connection 'local transaction' will be committed and the Connection will be set into auto-commit mode.
2026-01-07 01:07:07 [JavaFX-Launcher] INFO  LogHelper - HHH000204: Processing PersistenceUnitInfo [name: myPU]
2026-01-07 01:07:07 [JavaFX-Launcher] WARN  deprecation - HHH90000021: Encountered deprecated setting [javax.persistence.jdbc.user], use [jakarta.persistence.jdbc.user] instead
2026-01-07 01:07:07 [JavaFX-Launcher] WARN  deprecation - HHH90000021: Encountered deprecated setting [javax.persistence.jdbc.password], use [jakarta.persistence.jdbc.password] instead
2026-01-07 01:07:07 [JavaFX-Launcher] WARN  deprecation - HHH90000021: Encountered deprecated setting [javax.persistence.jdbc.url], use [jakarta.persistence.jdbc.url] instead
2026-01-07 01:07:07 [JavaFX-Launcher] WARN  deprecation - HHH90000021: Encountered deprecated setting [javax.persistence.jdbc.driver], use [jakarta.persistence.jdbc.driver] instead
2026-01-07 01:07:07 [JavaFX-Launcher] INFO  RegionFactoryInitiator - HHH000026: Second-level cache disabled
2026-01-07 01:07:07 [JavaFX-Launcher] WARN  pooling - HHH10001002: Using built-in connection pool (not intended for production use)
2026-01-07 01:07:07 [JavaFX-Launcher] INFO  pooling - HHH10001005: Loaded JDBC driver class: com.mysql.cj.jdbc.Driver
2026-01-07 01:07:07 [JavaFX-Launcher] INFO  pooling - HHH10001012: Connecting with JDBC URL [jdbc:mysql://localhost:3306/hotel]
2026-01-07 01:07:07 [JavaFX-Launcher] INFO  pooling - HHH10001001: Connection properties: {password=****, user=root}
2026-01-07 01:07:07 [JavaFX-Launcher] INFO  pooling - HHH10001003: Autocommit mode: false
2026-01-07 01:07:07 [JavaFX-Launcher] INFO  pooling - HHH10001115: Connection pool size: 20 (min=1)
2026-01-07 01:07:07 [JavaFX-Launcher] WARN  deprecation - HHH90000025: MySQL8Dialect does not need to be specified explicitly using 'hibernate.dialect' (remove the property setting and it will be selected by default)
2026-01-07 01:07:07 [JavaFX-Launcher] WARN  deprecation - HHH90000026: MySQL8Dialect has been deprecated; use org.hibernate.dialect.MySQLDialect instead
2026-01-07 01:07:07 [JavaFX-Launcher] INFO  JtaPlatformInitiator - HHH000489: No JTA platform available (set 'hibernate.transaction.jta.platform' to enable JTA platform integration)
2026-01-07 01:07:07 [JavaFX-Launcher] INFO  access - HHH10001501: Connection obtained from JdbcConnectionAccess [org.hibernate.engine.jdbc.env.internal.JdbcEnvironmentInitiator$ConnectionProviderJdbcConnectionAccess@449961dd] for (non-JTA) DDL execution was not in auto-commit mode; the Connection 'local transaction' will be committed and the Connection will be set into auto-commit mode.
2026-01-07 01:07:07 [JavaFX-Launcher] INFO  LogHelper - HHH000204: Processing PersistenceUnitInfo [name: myPU]
2026-01-07 01:07:07 [JavaFX-Launcher] WARN  deprecation - HHH90000021: Encountered deprecated setting [javax.persistence.jdbc.user], use [jakarta.persistence.jdbc.user] instead
2026-01-07 01:07:07 [JavaFX-Launcher] WARN  deprecation - HHH90000021: Encountered deprecated setting [javax.persistence.jdbc.password], use [jakarta.persistence.jdbc.password] instead
2026-01-07 01:07:07 [JavaFX-Launcher] WARN  deprecation - HHH90000021: Encountered deprecated setting [javax.persistence.jdbc.url], use [jakarta.persistence.jdbc.url] instead
2026-01-07 01:07:07 [JavaFX-Launcher] WARN  deprecation - HHH90000021: Encountered deprecated setting [javax.persistence.jdbc.driver], use [jakarta.persistence.jdbc.driver] instead
2026-01-07 01:07:07 [JavaFX-Launcher] INFO  RegionFactoryInitiator - HHH000026: Second-level cache disabled
2026-01-07 01:07:07 [JavaFX-Launcher] WARN  pooling - HHH10001002: Using built-in connection pool (not intended for production use)
2026-01-07 01:07:07 [JavaFX-Launcher] INFO  pooling - HHH10001005: Loaded JDBC driver class: com.mysql.cj.jdbc.Driver
2026-01-07 01:07:07 [JavaFX-Launcher] INFO  pooling - HHH10001012: Connecting with JDBC URL [jdbc:mysql://localhost:3306/hotel]
2026-01-07 01:07:07 [JavaFX-Launcher] INFO  pooling - HHH10001001: Connection properties: {password=****, user=root}
2026-01-07 01:07:07 [JavaFX-Launcher] INFO  pooling - HHH10001003: Autocommit mode: false
2026-01-07 01:07:07 [JavaFX-Launcher] INFO  pooling - HHH10001115: Connection pool size: 20 (min=1)
2026-01-07 01:07:07 [JavaFX-Launcher] WARN  deprecation - HHH90000025: MySQL8Dialect does not need to be specified explicitly using 'hibernate.dialect' (remove the property setting and it will be selected by default)
2026-01-07 01:07:07 [JavaFX-Launcher] WARN  deprecation - HHH90000026: MySQL8Dialect has been deprecated; use org.hibernate.dialect.MySQLDialect instead
2026-01-07 01:07:07 [JavaFX-Launcher] INFO  JtaPlatformInitiator - HHH000489: No JTA platform available (set 'hibernate.transaction.jta.platform' to enable JTA platform integration)
2026-01-07 01:07:07 [JavaFX-Launcher] INFO  access - HHH10001501: Connection obtained from JdbcConnectionAccess [org.hibernate.engine.jdbc.env.internal.JdbcEnvironmentInitiator$ConnectionProviderJdbcConnectionAccess@5da20d9e] for (non-JTA) DDL execution was not in auto-commit mode; the Connection 'local transaction' will be committed and the Connection will be set into auto-commit mode.
2026-01-07 01:07:08 [JavaFX-Launcher] INFO  LogHelper - HHH000204: Processing PersistenceUnitInfo [name: myPU]
2026-01-07 01:07:08 [JavaFX-Launcher] WARN  deprecation - HHH90000021: Encountered deprecated setting [javax.persistence.jdbc.user], use [jakarta.persistence.jdbc.user] instead
2026-01-07 01:07:08 [JavaFX-Launcher] WARN  deprecation - HHH90000021: Encountered deprecated setting [javax.persistence.jdbc.password], use [jakarta.persistence.jdbc.password] instead
2026-01-07 01:07:08 [JavaFX-Launcher] WARN  deprecation - HHH90000021: Encountered deprecated setting [javax.persistence.jdbc.url], use [jakarta.persistence.jdbc.url] instead
2026-01-07 01:07:08 [JavaFX-Launcher] WARN  deprecation - HHH90000021: Encountered deprecated setting [javax.persistence.jdbc.driver], use [jakarta.persistence.jdbc.driver] instead
2026-01-07 01:07:08 [JavaFX-Launcher] INFO  RegionFactoryInitiator - HHH000026: Second-level cache disabled
2026-01-07 01:07:08 [JavaFX-Launcher] WARN  pooling - HHH10001002: Using built-in connection pool (not intended for production use)
2026-01-07 01:07:08 [JavaFX-Launcher] INFO  pooling - HHH10001005: Loaded JDBC driver class: com.mysql.cj.jdbc.Driver
2026-01-07 01:07:08 [JavaFX-Launcher] INFO  pooling - HHH10001012: Connecting with JDBC URL [jdbc:mysql://localhost:3306/hotel]
2026-01-07 01:07:08 [JavaFX-Launcher] INFO  pooling - HHH10001001: Connection properties: {password=****, user=root}
2026-01-07 01:07:08 [JavaFX-Launcher] INFO  pooling - HHH10001003: Autocommit mode: false
2026-01-07 01:07:08 [JavaFX-Launcher] INFO  pooling - HHH10001115: Connection pool size: 20 (min=1)
2026-01-07 01:07:08 [JavaFX-Launcher] WARN  deprecation - HHH90000025: MySQL8Dialect does not need to be specified explicitly using 'hibernate.dialect' (remove the property setting and it will be selected by default)
2026-01-07 01:07:08 [JavaFX-Launcher] WARN  deprecation - HHH90000026: MySQL8Dialect has been deprecated; use org.hibernate.dialect.MySQLDialect instead
2026-01-07 01:07:08 [JavaFX-Launcher] INFO  JtaPlatformInitiator - HHH000489: No JTA platform available (set 'hibernate.transaction.jta.platform' to enable JTA platform integration)
2026-01-07 01:07:08 [JavaFX-Launcher] INFO  access - HHH10001501: Connection obtained from JdbcConnectionAccess [org.hibernate.engine.jdbc.env.internal.JdbcEnvironmentInitiator$ConnectionProviderJdbcConnectionAccess@1c9115aa] for (non-JTA) DDL execution was not in auto-commit mode; the Connection 'local transaction' will be committed and the Connection will be set into auto-commit mode.
2026-01-07 01:07:08 [JavaFX-Launcher] INFO  LogHelper - HHH000204: Processing PersistenceUnitInfo [name: myPU]
2026-01-07 01:07:08 [JavaFX-Launcher] WARN  deprecation - HHH90000021: Encountered deprecated setting [javax.persistence.jdbc.user], use [jakarta.persistence.jdbc.user] instead
2026-01-07 01:07:08 [JavaFX-Launcher] WARN  deprecation - HHH90000021: Encountered deprecated setting [javax.persistence.jdbc.password], use [jakarta.persistence.jdbc.password] instead
2026-01-07 01:07:08 [JavaFX-Launcher] WARN  deprecation - HHH90000021: Encountered deprecated setting [javax.persistence.jdbc.url], use [jakarta.persistence.jdbc.url] instead
2026-01-07 01:07:08 [JavaFX-Launcher] WARN  deprecation - HHH90000021: Encountered deprecated setting [javax.persistence.jdbc.driver], use [jakarta.persistence.jdbc.driver] instead
2026-01-07 01:07:08 [JavaFX-Launcher] INFO  RegionFactoryInitiator - HHH000026: Second-level cache disabled
2026-01-07 01:07:08 [JavaFX-Launcher] WARN  pooling - HHH10001002: Using built-in connection pool (not intended for production use)
2026-01-07 01:07:08 [JavaFX-Launcher] INFO  pooling - HHH10001005: Loaded JDBC driver class: com.mysql.cj.jdbc.Driver
2026-01-07 01:07:08 [JavaFX-Launcher] INFO  pooling - HHH10001012: Connecting with JDBC URL [jdbc:mysql://localhost:3306/hotel]
2026-01-07 01:07:08 [JavaFX-Launcher] INFO  pooling - HHH10001001: Connection properties: {password=****, user=root}
2026-01-07 01:07:08 [JavaFX-Launcher] INFO  pooling - HHH10001003: Autocommit mode: false
2026-01-07 01:07:08 [JavaFX-Launcher] INFO  pooling - HHH10001115: Connection pool size: 20 (min=1)
2026-01-07 01:07:08 [JavaFX-Launcher] WARN  deprecation - HHH90000025: MySQL8Dialect does not need to be specified explicitly using 'hibernate.dialect' (remove the property setting and it will be selected by default)
2026-01-07 01:07:08 [JavaFX-Launcher] WARN  deprecation - HHH90000026: MySQL8Dialect has been deprecated; use org.hibernate.dialect.MySQLDialect instead
2026-01-07 01:07:08 [JavaFX-Launcher] INFO  JtaPlatformInitiator - HHH000489: No JTA platform available (set 'hibernate.transaction.jta.platform' to enable JTA platform integration)
2026-01-07 01:07:08 [JavaFX-Launcher] INFO  access - HHH10001501: Connection obtained from JdbcConnectionAccess [org.hibernate.engine.jdbc.env.internal.JdbcEnvironmentInitiator$ConnectionProviderJdbcConnectionAccess@1c398c3] for (non-JTA) DDL execution was not in auto-commit mode; the Connection 'local transaction' will be committed and the Connection will be set into auto-commit mode.
2026-01-07 01:07:08 [JavaFX-Launcher] INFO  LogHelper - HHH000204: Processing PersistenceUnitInfo [name: myPU]
2026-01-07 01:07:08 [JavaFX-Launcher] WARN  deprecation - HHH90000021: Encountered deprecated setting [javax.persistence.jdbc.user], use [jakarta.persistence.jdbc.user] instead
2026-01-07 01:07:08 [JavaFX-Launcher] WARN  deprecation - HHH90000021: Encountered deprecated setting [javax.persistence.jdbc.password], use [jakarta.persistence.jdbc.password] instead
2026-01-07 01:07:08 [JavaFX-Launcher] WARN  deprecation - HHH90000021: Encountered deprecated setting [javax.persistence.jdbc.url], use [jakarta.persistence.jdbc.url] instead
2026-01-07 01:07:08 [JavaFX-Launcher] WARN  deprecation - HHH90000021: Encountered deprecated setting [javax.persistence.jdbc.driver], use [jakarta.persistence.jdbc.driver] instead
2026-01-07 01:07:08 [JavaFX-Launcher] INFO  RegionFactoryInitiator - HHH000026: Second-level cache disabled
2026-01-07 01:07:08 [JavaFX-Launcher] WARN  pooling - HHH10001002: Using built-in connection pool (not intended for production use)
2026-01-07 01:07:08 [JavaFX-Launcher] INFO  pooling - HHH10001005: Loaded JDBC driver class: com.mysql.cj.jdbc.Driver
2026-01-07 01:07:08 [JavaFX-Launcher] INFO  pooling - HHH10001012: Connecting with JDBC URL [jdbc:mysql://localhost:3306/hotel]
2026-01-07 01:07:08 [JavaFX-Launcher] INFO  pooling - HHH10001001: Connection properties: {password=****, user=root}
2026-01-07 01:07:08 [JavaFX-Launcher] INFO  pooling - HHH10001003: Autocommit mode: false
2026-01-07 01:07:08 [JavaFX-Launcher] INFO  pooling - HHH10001115: Connection pool size: 20 (min=1)
2026-01-07 01:07:08 [JavaFX-Launcher] WARN  deprecation - HHH90000025: MySQL8Dialect does not need to be specified explicitly using 'hibernate.dialect' (remove the property setting and it will be selected by default)
2026-01-07 01:07:08 [JavaFX-Launcher] WARN  deprecation - HHH90000026: MySQL8Dialect has been deprecated; use org.hibernate.dialect.MySQLDialect instead
2026-01-07 01:07:08 [JavaFX-Launcher] INFO  JtaPlatformInitiator - HHH000489: No JTA platform available (set 'hibernate.transaction.jta.platform' to enable JTA platform integration)
2026-01-07 01:07:08 [JavaFX-Launcher] INFO  access - HHH10001501: Connection obtained from JdbcConnectionAccess [org.hibernate.engine.jdbc.env.internal.JdbcEnvironmentInitiator$ConnectionProviderJdbcConnectionAccess@1dd140b6] for (non-JTA) DDL execution was not in auto-commit mode; the Connection 'local transaction' will be committed and the Connection will be set into auto-commit mode.
2026-01-07 01:07:08 [JavaFX-Launcher] INFO  LogHelper - HHH000204: Processing PersistenceUnitInfo [name: myPU]
2026-01-07 01:07:08 [JavaFX-Launcher] WARN  deprecation - HHH90000021: Encountered deprecated setting [javax.persistence.jdbc.user], use [jakarta.persistence.jdbc.user] instead
2026-01-07 01:07:08 [JavaFX-Launcher] WARN  deprecation - HHH90000021: Encountered deprecated setting [javax.persistence.jdbc.password], use [jakarta.persistence.jdbc.password] instead
2026-01-07 01:07:08 [JavaFX-Launcher] WARN  deprecation - HHH90000021: Encountered deprecated setting [javax.persistence.jdbc.url], use [jakarta.persistence.jdbc.url] instead
2026-01-07 01:07:08 [JavaFX-Launcher] WARN  deprecation - HHH90000021: Encountered deprecated setting [javax.persistence.jdbc.driver], use [jakarta.persistence.jdbc.driver] instead
2026-01-07 01:07:08 [JavaFX-Launcher] INFO  RegionFactoryInitiator - HHH000026: Second-level cache disabled
2026-01-07 01:07:08 [JavaFX-Launcher] WARN  pooling - HHH10001002: Using built-in connection pool (not intended for production use)
2026-01-07 01:07:08 [JavaFX-Launcher] INFO  pooling - HHH10001005: Loaded JDBC driver class: com.mysql.cj.jdbc.Driver
2026-01-07 01:07:08 [JavaFX-Launcher] INFO  pooling - HHH10001012: Connecting with JDBC URL [jdbc:mysql://localhost:3306/hotel]
2026-01-07 01:07:08 [JavaFX-Launcher] INFO  pooling - HHH10001001: Connection properties: {password=****, user=root}
2026-01-07 01:07:08 [JavaFX-Launcher] INFO  pooling - HHH10001003: Autocommit mode: false
2026-01-07 01:07:08 [JavaFX-Launcher] INFO  pooling - HHH10001115: Connection pool size: 20 (min=1)
2026-01-07 01:07:08 [JavaFX-Launcher] WARN  deprecation - HHH90000025: MySQL8Dialect does not need to be specified explicitly using 'hibernate.dialect' (remove the property setting and it will be selected by default)
2026-01-07 01:07:08 [JavaFX-Launcher] WARN  deprecation - HHH90000026: MySQL8Dialect has been deprecated; use org.hibernate.dialect.MySQLDialect instead
2026-01-07 01:07:08 [JavaFX-Launcher] INFO  JtaPlatformInitiator - HHH000489: No JTA platform available (set 'hibernate.transaction.jta.platform' to enable JTA platform integration)
2026-01-07 01:07:08 [JavaFX-Launcher] INFO  access - HHH10001501: Connection obtained from JdbcConnectionAccess [org.hibernate.engine.jdbc.env.internal.JdbcEnvironmentInitiator$ConnectionProviderJdbcConnectionAccess@5701fa7c] for (non-JTA) DDL execution was not in auto-commit mode; the Connection 'local transaction' will be committed and the Connection will be set into auto-commit mode.
2026-01-07 01:07:08 [JavaFX-Launcher] INFO  LogHelper - HHH000204: Processing PersistenceUnitInfo [name: myPU]
2026-01-07 01:07:08 [JavaFX-Launcher] WARN  deprecation - HHH90000021: Encountered deprecated setting [javax.persistence.jdbc.user], use [jakarta.persistence.jdbc.user] instead
2026-01-07 01:07:08 [JavaFX-Launcher] WARN  deprecation - HHH90000021: Encountered deprecated setting [javax.persistence.jdbc.password], use [jakarta.persistence.jdbc.password] instead
2026-01-07 01:07:08 [JavaFX-Launcher] WARN  deprecation - HHH90000021: Encountered deprecated setting [javax.persistence.jdbc.url], use [jakarta.persistence.jdbc.url] instead
2026-01-07 01:07:08 [JavaFX-Launcher] WARN  deprecation - HHH90000021: Encountered deprecated setting [javax.persistence.jdbc.driver], use [jakarta.persistence.jdbc.driver] instead
2026-01-07 01:07:08 [JavaFX-Launcher] INFO  RegionFactoryInitiator - HHH000026: Second-level cache disabled
2026-01-07 01:07:08 [JavaFX-Launcher] WARN  pooling - HHH10001002: Using built-in connection pool (not intended for production use)
2026-01-07 01:07:08 [JavaFX-Launcher] INFO  pooling - HHH10001005: Loaded JDBC driver class: com.mysql.cj.jdbc.Driver
2026-01-07 01:07:08 [JavaFX-Launcher] INFO  pooling - HHH10001012: Connecting with JDBC URL [jdbc:mysql://localhost:3306/hotel]
2026-01-07 01:07:08 [JavaFX-Launcher] INFO  pooling - HHH10001001: Connection properties: {password=****, user=root}
2026-01-07 01:07:08 [JavaFX-Launcher] INFO  pooling - HHH10001003: Autocommit mode: false
2026-01-07 01:07:08 [JavaFX-Launcher] INFO  pooling - HHH10001115: Connection pool size: 20 (min=1)
2026-01-07 01:07:08 [JavaFX-Launcher] WARN  deprecation - HHH90000025: MySQL8Dialect does not need to be specified explicitly using 'hibernate.dialect' (remove the property setting and it will be selected by default)
2026-01-07 01:07:08 [JavaFX-Launcher] WARN  deprecation - HHH90000026: MySQL8Dialect has been deprecated; use org.hibernate.dialect.MySQLDialect instead
2026-01-07 01:07:08 [JavaFX-Launcher] INFO  JtaPlatformInitiator - HHH000489: No JTA platform available (set 'hibernate.transaction.jta.platform' to enable JTA platform integration)
2026-01-07 01:07:08 [JavaFX-Launcher] INFO  access - HHH10001501: Connection obtained from JdbcConnectionAccess [org.hibernate.engine.jdbc.env.internal.JdbcEnvironmentInitiator$ConnectionProviderJdbcConnectionAccess@5f89c0f8] for (non-JTA) DDL execution was not in auto-commit mode; the Connection 'local transaction' will be committed and the Connection will be set into auto-commit mode.
2026-01-07 01:07:09 [pool-3-thread-1] INFO  ReservationRepositoryImpl - Expired reservations: 0
2026-01-07 01:07:09 [pool-3-thread-1] INFO  ReservationService - 0 needed Reservations for terminating
2026-01-07 01:07:09 [pool-3-thread-1] INFO  ReservationNoShownTerminateTask - Update for no shown reservation has been executed
2026-01-07 01:07:09 [pool-3-thread-1] INFO  ReservationService - Number reservations0
2026-01-07 01:07:09 [pool-3-thread-1] INFO  RoomsCheckoutTask - Checkout rooms task has been executed successfully
2026-01-07 01:08:46 [JavaFX-Launcher] INFO  LogHelper - HHH000204: Processing PersistenceUnitInfo [name: myPU]
2026-01-07 01:08:46 [JavaFX-Launcher] INFO  Version - HHH000412: Hibernate ORM core version 6.4.1.Final
2026-01-07 01:08:46 [JavaFX-Launcher] WARN  deprecation - HHH90000021: Encountered deprecated setting [javax.persistence.jdbc.user], use [jakarta.persistence.jdbc.user] instead
2026-01-07 01:08:46 [JavaFX-Launcher] WARN  deprecation - HHH90000021: Encountered deprecated setting [javax.persistence.jdbc.password], use [jakarta.persistence.jdbc.password] instead
2026-01-07 01:08:46 [JavaFX-Launcher] WARN  deprecation - HHH90000021: Encountered deprecated setting [javax.persistence.jdbc.url], use [jakarta.persistence.jdbc.url] instead
2026-01-07 01:08:46 [JavaFX-Launcher] WARN  deprecation - HHH90000021: Encountered deprecated setting [javax.persistence.jdbc.driver], use [jakarta.persistence.jdbc.driver] instead
2026-01-07 01:08:46 [JavaFX-Launcher] INFO  RegionFactoryInitiator - HHH000026: Second-level cache disabled
2026-01-07 01:08:46 [JavaFX-Launcher] WARN  pooling - HHH10001002: Using built-in connection pool (not intended for production use)
2026-01-07 01:08:46 [JavaFX-Launcher] INFO  pooling - HHH10001005: Loaded JDBC driver class: com.mysql.cj.jdbc.Driver
2026-01-07 01:08:46 [JavaFX-Launcher] INFO  pooling - HHH10001012: Connecting with JDBC URL [jdbc:mysql://localhost:3306/hotel]
2026-01-07 01:08:46 [JavaFX-Launcher] INFO  pooling - HHH10001001: Connection properties: {password=****, user=root}
2026-01-07 01:08:46 [JavaFX-Launcher] INFO  pooling - HHH10001003: Autocommit mode: false
2026-01-07 01:08:46 [JavaFX-Launcher] INFO  pooling - HHH10001115: Connection pool size: 20 (min=1)
2026-01-07 01:08:46 [JavaFX-Launcher] WARN  deprecation - HHH90000025: MySQL8Dialect does not need to be specified explicitly using 'hibernate.dialect' (remove the property setting and it will be selected by default)
2026-01-07 01:08:46 [JavaFX-Launcher] WARN  deprecation - HHH90000026: MySQL8Dialect has been deprecated; use org.hibernate.dialect.MySQLDialect instead
2026-01-07 01:08:48 [JavaFX-Launcher] INFO  JtaPlatformInitiator - HHH000489: No JTA platform available (set 'hibernate.transaction.jta.platform' to enable JTA platform integration)
2026-01-07 01:08:48 [JavaFX-Launcher] INFO  access - HHH10001501: Connection obtained from JdbcConnectionAccess [org.hibernate.engine.jdbc.env.internal.JdbcEnvironmentInitiator$ConnectionProviderJdbcConnectionAccess@ab3be74] for (non-JTA) DDL execution was not in auto-commit mode; the Connection 'local transaction' will be committed and the Connection will be set into auto-commit mode.
2026-01-07 01:08:50 [JavaFX-Launcher] INFO  LogHelper - HHH000204: Processing PersistenceUnitInfo [name: myPU]
2026-01-07 01:08:50 [JavaFX-Launcher] WARN  deprecation - HHH90000021: Encountered deprecated setting [javax.persistence.jdbc.user], use [jakarta.persistence.jdbc.user] instead
2026-01-07 01:08:50 [JavaFX-Launcher] WARN  deprecation - HHH90000021: Encountered deprecated setting [javax.persistence.jdbc.password], use [jakarta.persistence.jdbc.password] instead
2026-01-07 01:08:50 [JavaFX-Launcher] WARN  deprecation - HHH90000021: Encountered deprecated setting [javax.persistence.jdbc.url], use [jakarta.persistence.jdbc.url] instead
2026-01-07 01:08:50 [JavaFX-Launcher] WARN  deprecation - HHH90000021: Encountered deprecated setting [javax.persistence.jdbc.driver], use [jakarta.persistence.jdbc.driver] instead
2026-01-07 01:08:50 [JavaFX-Launcher] INFO  RegionFactoryInitiator - HHH000026: Second-level cache disabled
2026-01-07 01:08:50 [JavaFX-Launcher] WARN  pooling - HHH10001002: Using built-in connection pool (not intended for production use)
2026-01-07 01:08:50 [JavaFX-Launcher] INFO  pooling - HHH10001005: Loaded JDBC driver class: com.mysql.cj.jdbc.Driver
2026-01-07 01:08:50 [JavaFX-Launcher] INFO  pooling - HHH10001012: Connecting with JDBC URL [jdbc:mysql://localhost:3306/hotel]
2026-01-07 01:08:50 [JavaFX-Launcher] INFO  pooling - HHH10001001: Connection properties: {password=****, user=root}
2026-01-07 01:08:50 [JavaFX-Launcher] INFO  pooling - HHH10001003: Autocommit mode: false
2026-01-07 01:08:50 [JavaFX-Launcher] INFO  pooling - HHH10001115: Connection pool size: 20 (min=1)
2026-01-07 01:08:50 [JavaFX-Launcher] WARN  deprecation - HHH90000025: MySQL8Dialect does not need to be specified explicitly using 'hibernate.dialect' (remove the property setting and it will be selected by default)
2026-01-07 01:08:50 [JavaFX-Launcher] WARN  deprecation - HHH90000026: MySQL8Dialect has been deprecated; use org.hibernate.dialect.MySQLDialect instead
2026-01-07 01:08:50 [JavaFX-Launcher] INFO  JtaPlatformInitiator - HHH000489: No JTA platform available (set 'hibernate.transaction.jta.platform' to enable JTA platform integration)
2026-01-07 01:08:50 [JavaFX-Launcher] INFO  access - HHH10001501: Connection obtained from JdbcConnectionAccess [org.hibernate.engine.jdbc.env.internal.JdbcEnvironmentInitiator$ConnectionProviderJdbcConnectionAccess@5b5a14fd] for (non-JTA) DDL execution was not in auto-commit mode; the Connection 'local transaction' will be committed and the Connection will be set into auto-commit mode.
2026-01-07 01:08:50 [JavaFX-Launcher] INFO  LogHelper - HHH000204: Processing PersistenceUnitInfo [name: myPU]
2026-01-07 01:08:50 [JavaFX-Launcher] WARN  deprecation - HHH90000021: Encountered deprecated setting [javax.persistence.jdbc.user], use [jakarta.persistence.jdbc.user] instead
2026-01-07 01:08:50 [JavaFX-Launcher] WARN  deprecation - HHH90000021: Encountered deprecated setting [javax.persistence.jdbc.password], use [jakarta.persistence.jdbc.password] instead
2026-01-07 01:08:50 [JavaFX-Launcher] WARN  deprecation - HHH90000021: Encountered deprecated setting [javax.persistence.jdbc.url], use [jakarta.persistence.jdbc.url] instead
2026-01-07 01:08:50 [JavaFX-Launcher] WARN  deprecation - HHH90000021: Encountered deprecated setting [javax.persistence.jdbc.driver], use [jakarta.persistence.jdbc.driver] instead
2026-01-07 01:08:50 [JavaFX-Launcher] INFO  RegionFactoryInitiator - HHH000026: Second-level cache disabled
2026-01-07 01:08:50 [JavaFX-Launcher] WARN  pooling - HHH10001002: Using built-in connection pool (not intended for production use)
2026-01-07 01:08:50 [JavaFX-Launcher] INFO  pooling - HHH10001005: Loaded JDBC driver class: com.mysql.cj.jdbc.Driver
2026-01-07 01:08:50 [JavaFX-Launcher] INFO  pooling - HHH10001012: Connecting with JDBC URL [jdbc:mysql://localhost:3306/hotel]
2026-01-07 01:08:50 [JavaFX-Launcher] INFO  pooling - HHH10001001: Connection properties: {password=****, user=root}
2026-01-07 01:08:50 [JavaFX-Launcher] INFO  pooling - HHH10001003: Autocommit mode: false
2026-01-07 01:08:50 [JavaFX-Launcher] INFO  pooling - HHH10001115: Connection pool size: 20 (min=1)
2026-01-07 01:08:50 [JavaFX-Launcher] WARN  deprecation - HHH90000025: MySQL8Dialect does not need to be specified explicitly using 'hibernate.dialect' (remove the property setting and it will be selected by default)
2026-01-07 01:08:50 [JavaFX-Launcher] WARN  deprecation - HHH90000026: MySQL8Dialect has been deprecated; use org.hibernate.dialect.MySQLDialect instead
2026-01-07 01:08:50 [JavaFX-Launcher] INFO  JtaPlatformInitiator - HHH000489: No JTA platform available (set 'hibernate.transaction.jta.platform' to enable JTA platform integration)
2026-01-07 01:08:50 [JavaFX-Launcher] INFO  access - HHH10001501: Connection obtained from JdbcConnectionAccess [org.hibernate.engine.jdbc.env.internal.JdbcEnvironmentInitiator$ConnectionProviderJdbcConnectionAccess@39495cb9] for (non-JTA) DDL execution was not in auto-commit mode; the Connection 'local transaction' will be committed and the Connection will be set into auto-commit mode.
2026-01-07 01:08:51 [JavaFX-Launcher] INFO  LogHelper - HHH000204: Processing PersistenceUnitInfo [name: myPU]
2026-01-07 01:08:51 [JavaFX-Launcher] WARN  deprecation - HHH90000021: Encountered deprecated setting [javax.persistence.jdbc.user], use [jakarta.persistence.jdbc.user] instead
2026-01-07 01:08:51 [JavaFX-Launcher] WARN  deprecation - HHH90000021: Encountered deprecated setting [javax.persistence.jdbc.password], use [jakarta.persistence.jdbc.password] instead
2026-01-07 01:08:51 [JavaFX-Launcher] WARN  deprecation - HHH90000021: Encountered deprecated setting [javax.persistence.jdbc.url], use [jakarta.persistence.jdbc.url] instead
2026-01-07 01:08:51 [JavaFX-Launcher] WARN  deprecation - HHH90000021: Encountered deprecated setting [javax.persistence.jdbc.driver], use [jakarta.persistence.jdbc.driver] instead
2026-01-07 01:08:51 [JavaFX-Launcher] INFO  RegionFactoryInitiator - HHH000026: Second-level cache disabled
2026-01-07 01:08:51 [JavaFX-Launcher] WARN  pooling - HHH10001002: Using built-in connection pool (not intended for production use)
2026-01-07 01:08:51 [JavaFX-Launcher] INFO  pooling - HHH10001005: Loaded JDBC driver class: com.mysql.cj.jdbc.Driver
2026-01-07 01:08:51 [JavaFX-Launcher] INFO  pooling - HHH10001012: Connecting with JDBC URL [jdbc:mysql://localhost:3306/hotel]
2026-01-07 01:08:51 [JavaFX-Launcher] INFO  pooling - HHH10001001: Connection properties: {password=****, user=root}
2026-01-07 01:08:51 [JavaFX-Launcher] INFO  pooling - HHH10001003: Autocommit mode: false
2026-01-07 01:08:51 [JavaFX-Launcher] INFO  pooling - HHH10001115: Connection pool size: 20 (min=1)
2026-01-07 01:08:51 [JavaFX-Launcher] WARN  deprecation - HHH90000025: MySQL8Dialect does not need to be specified explicitly using 'hibernate.dialect' (remove the property setting and it will be selected by default)
2026-01-07 01:08:51 [JavaFX-Launcher] WARN  deprecation - HHH90000026: MySQL8Dialect has been deprecated; use org.hibernate.dialect.MySQLDialect instead
2026-01-07 01:08:51 [JavaFX-Launcher] INFO  JtaPlatformInitiator - HHH000489: No JTA platform available (set 'hibernate.transaction.jta.platform' to enable JTA platform integration)
2026-01-07 01:08:51 [JavaFX-Launcher] INFO  access - HHH10001501: Connection obtained from JdbcConnectionAccess [org.hibernate.engine.jdbc.env.internal.JdbcEnvironmentInitiator$ConnectionProviderJdbcConnectionAccess@72a6e688] for (non-JTA) DDL execution was not in auto-commit mode; the Connection 'local transaction' will be committed and the Connection will be set into auto-commit mode.
2026-01-07 01:08:51 [JavaFX-Launcher] INFO  LogHelper - HHH000204: Processing PersistenceUnitInfo [name: myPU]
2026-01-07 01:08:51 [JavaFX-Launcher] WARN  deprecation - HHH90000021: Encountered deprecated setting [javax.persistence.jdbc.user], use [jakarta.persistence.jdbc.user] instead
2026-01-07 01:08:51 [JavaFX-Launcher] WARN  deprecation - HHH90000021: Encountered deprecated setting [javax.persistence.jdbc.password], use [jakarta.persistence.jdbc.password] instead
2026-01-07 01:08:51 [JavaFX-Launcher] WARN  deprecation - HHH90000021: Encountered deprecated setting [javax.persistence.jdbc.url], use [jakarta.persistence.jdbc.url] instead
2026-01-07 01:08:51 [JavaFX-Launcher] WARN  deprecation - HHH90000021: Encountered deprecated setting [javax.persistence.jdbc.driver], use [jakarta.persistence.jdbc.driver] instead
2026-01-07 01:08:51 [JavaFX-Launcher] INFO  RegionFactoryInitiator - HHH000026: Second-level cache disabled
2026-01-07 01:08:51 [JavaFX-Launcher] WARN  pooling - HHH10001002: Using built-in connection pool (not intended for production use)
2026-01-07 01:08:51 [JavaFX-Launcher] INFO  pooling - HHH10001005: Loaded JDBC driver class: com.mysql.cj.jdbc.Driver
2026-01-07 01:08:51 [JavaFX-Launcher] INFO  pooling - HHH10001012: Connecting with JDBC URL [jdbc:mysql://localhost:3306/hotel]
2026-01-07 01:08:51 [JavaFX-Launcher] INFO  pooling - HHH10001001: Connection properties: {password=****, user=root}
2026-01-07 01:08:51 [JavaFX-Launcher] INFO  pooling - HHH10001003: Autocommit mode: false
2026-01-07 01:08:51 [JavaFX-Launcher] INFO  pooling - HHH10001115: Connection pool size: 20 (min=1)
2026-01-07 01:08:51 [JavaFX-Launcher] WARN  deprecation - HHH90000025: MySQL8Dialect does not need to be specified explicitly using 'hibernate.dialect' (remove the property setting and it will be selected by default)
2026-01-07 01:08:51 [JavaFX-Launcher] WARN  deprecation - HHH90000026: MySQL8Dialect has been deprecated; use org.hibernate.dialect.MySQLDialect instead
2026-01-07 01:08:51 [JavaFX-Launcher] INFO  JtaPlatformInitiator - HHH000489: No JTA platform available (set 'hibernate.transaction.jta.platform' to enable JTA platform integration)
2026-01-07 01:08:51 [JavaFX-Launcher] INFO  access - HHH10001501: Connection obtained from JdbcConnectionAccess [org.hibernate.engine.jdbc.env.internal.JdbcEnvironmentInitiator$ConnectionProviderJdbcConnectionAccess@29f7d4cc] for (non-JTA) DDL execution was not in auto-commit mode; the Connection 'local transaction' will be committed and the Connection will be set into auto-commit mode.
2026-01-07 01:08:51 [JavaFX-Launcher] INFO  LogHelper - HHH000204: Processing PersistenceUnitInfo [name: myPU]
2026-01-07 01:08:51 [JavaFX-Launcher] WARN  deprecation - HHH90000021: Encountered deprecated setting [javax.persistence.jdbc.user], use [jakarta.persistence.jdbc.user] instead
2026-01-07 01:08:51 [JavaFX-Launcher] WARN  deprecation - HHH90000021: Encountered deprecated setting [javax.persistence.jdbc.password], use [jakarta.persistence.jdbc.password] instead
2026-01-07 01:08:51 [JavaFX-Launcher] WARN  deprecation - HHH90000021: Encountered deprecated setting [javax.persistence.jdbc.url], use [jakarta.persistence.jdbc.url] instead
2026-01-07 01:08:51 [JavaFX-Launcher] WARN  deprecation - HHH90000021: Encountered deprecated setting [javax.persistence.jdbc.driver], use [jakarta.persistence.jdbc.driver] instead
2026-01-07 01:08:51 [JavaFX-Launcher] INFO  RegionFactoryInitiator - HHH000026: Second-level cache disabled
2026-01-07 01:08:51 [JavaFX-Launcher] WARN  pooling - HHH10001002: Using built-in connection pool (not intended for production use)
2026-01-07 01:08:51 [JavaFX-Launcher] INFO  pooling - HHH10001005: Loaded JDBC driver class: com.mysql.cj.jdbc.Driver
2026-01-07 01:08:51 [JavaFX-Launcher] INFO  pooling - HHH10001012: Connecting with JDBC URL [jdbc:mysql://localhost:3306/hotel]
2026-01-07 01:08:51 [JavaFX-Launcher] INFO  pooling - HHH10001001: Connection properties: {password=****, user=root}
2026-01-07 01:08:51 [JavaFX-Launcher] INFO  pooling - HHH10001003: Autocommit mode: false
2026-01-07 01:08:51 [JavaFX-Launcher] INFO  pooling - HHH10001115: Connection pool size: 20 (min=1)
2026-01-07 01:08:51 [JavaFX-Launcher] WARN  deprecation - HHH90000025: MySQL8Dialect does not need to be specified explicitly using 'hibernate.dialect' (remove the property setting and it will be selected by default)
2026-01-07 01:08:51 [JavaFX-Launcher] WARN  deprecation - HHH90000026: MySQL8Dialect has been deprecated; use org.hibernate.dialect.MySQLDialect instead
2026-01-07 01:08:51 [JavaFX-Launcher] INFO  JtaPlatformInitiator - HHH000489: No JTA platform available (set 'hibernate.transaction.jta.platform' to enable JTA platform integration)
2026-01-07 01:08:51 [JavaFX-Launcher] INFO  access - HHH10001501: Connection obtained from JdbcConnectionAccess [org.hibernate.engine.jdbc.env.internal.JdbcEnvironmentInitiator$ConnectionProviderJdbcConnectionAccess@430512d4] for (non-JTA) DDL execution was not in auto-commit mode; the Connection 'local transaction' will be committed and the Connection will be set into auto-commit mode.
2026-01-07 01:08:51 [JavaFX-Launcher] INFO  LogHelper - HHH000204: Processing PersistenceUnitInfo [name: myPU]
2026-01-07 01:08:51 [JavaFX-Launcher] WARN  deprecation - HHH90000021: Encountered deprecated setting [javax.persistence.jdbc.user], use [jakarta.persistence.jdbc.user] instead
2026-01-07 01:08:51 [JavaFX-Launcher] WARN  deprecation - HHH90000021: Encountered deprecated setting [javax.persistence.jdbc.password], use [jakarta.persistence.jdbc.password] instead
2026-01-07 01:08:51 [JavaFX-Launcher] WARN  deprecation - HHH90000021: Encountered deprecated setting [javax.persistence.jdbc.url], use [jakarta.persistence.jdbc.url] instead
2026-01-07 01:08:51 [JavaFX-Launcher] WARN  deprecation - HHH90000021: Encountered deprecated setting [javax.persistence.jdbc.driver], use [jakarta.persistence.jdbc.driver] instead
2026-01-07 01:08:51 [JavaFX-Launcher] INFO  RegionFactoryInitiator - HHH000026: Second-level cache disabled
2026-01-07 01:08:51 [JavaFX-Launcher] WARN  pooling - HHH10001002: Using built-in connection pool (not intended for production use)
2026-01-07 01:08:51 [JavaFX-Launcher] INFO  pooling - HHH10001005: Loaded JDBC driver class: com.mysql.cj.jdbc.Driver
2026-01-07 01:08:51 [JavaFX-Launcher] INFO  pooling - HHH10001012: Connecting with JDBC URL [jdbc:mysql://localhost:3306/hotel]
2026-01-07 01:08:51 [JavaFX-Launcher] INFO  pooling - HHH10001001: Connection properties: {password=****, user=root}
2026-01-07 01:08:51 [JavaFX-Launcher] INFO  pooling - HHH10001003: Autocommit mode: false
2026-01-07 01:08:51 [JavaFX-Launcher] INFO  pooling - HHH10001115: Connection pool size: 20 (min=1)
2026-01-07 01:08:51 [JavaFX-Launcher] WARN  deprecation - HHH90000025: MySQL8Dialect does not need to be specified explicitly using 'hibernate.dialect' (remove the property setting and it will be selected by default)
2026-01-07 01:08:51 [JavaFX-Launcher] WARN  deprecation - HHH90000026: MySQL8Dialect has been deprecated; use org.hibernate.dialect.MySQLDialect instead
2026-01-07 01:08:52 [JavaFX-Launcher] INFO  JtaPlatformInitiator - HHH000489: No JTA platform available (set 'hibernate.transaction.jta.platform' to enable JTA platform integration)
2026-01-07 01:08:52 [JavaFX-Launcher] INFO  access - HHH10001501: Connection obtained from JdbcConnectionAccess [org.hibernate.engine.jdbc.env.internal.JdbcEnvironmentInitiator$ConnectionProviderJdbcConnectionAccess@171bf445] for (non-JTA) DDL execution was not in auto-commit mode; the Connection 'local transaction' will be committed and the Connection will be set into auto-commit mode.
2026-01-07 01:08:52 [JavaFX-Launcher] INFO  LogHelper - HHH000204: Processing PersistenceUnitInfo [name: myPU]
2026-01-07 01:08:52 [JavaFX-Launcher] WARN  deprecation - HHH90000021: Encountered deprecated setting [javax.persistence.jdbc.user], use [jakarta.persistence.jdbc.user] instead
2026-01-07 01:08:52 [JavaFX-Launcher] WARN  deprecation - HHH90000021: Encountered deprecated setting [javax.persistence.jdbc.password], use [jakarta.persistence.jdbc.password] instead
2026-01-07 01:08:52 [JavaFX-Launcher] WARN  deprecation - HHH90000021: Encountered deprecated setting [javax.persistence.jdbc.url], use [jakarta.persistence.jdbc.url] instead
2026-01-07 01:08:52 [JavaFX-Launcher] WARN  deprecation - HHH90000021: Encountered deprecated setting [javax.persistence.jdbc.driver], use [jakarta.persistence.jdbc.driver] instead
2026-01-07 01:08:52 [JavaFX-Launcher] INFO  RegionFactoryInitiator - HHH000026: Second-level cache disabled
2026-01-07 01:08:52 [JavaFX-Launcher] WARN  pooling - HHH10001002: Using built-in connection pool (not intended for production use)
2026-01-07 01:08:52 [JavaFX-Launcher] INFO  pooling - HHH10001005: Loaded JDBC driver class: com.mysql.cj.jdbc.Driver
2026-01-07 01:08:52 [JavaFX-Launcher] INFO  pooling - HHH10001012: Connecting with JDBC URL [jdbc:mysql://localhost:3306/hotel]
2026-01-07 01:08:52 [JavaFX-Launcher] INFO  pooling - HHH10001001: Connection properties: {password=****, user=root}
2026-01-07 01:08:52 [JavaFX-Launcher] INFO  pooling - HHH10001003: Autocommit mode: false
2026-01-07 01:08:52 [JavaFX-Launcher] INFO  pooling - HHH10001115: Connection pool size: 20 (min=1)
2026-01-07 01:08:52 [JavaFX-Launcher] WARN  deprecation - HHH90000025: MySQL8Dialect does not need to be specified explicitly using 'hibernate.dialect' (remove the property setting and it will be selected by default)
2026-01-07 01:08:52 [JavaFX-Launcher] WARN  deprecation - HHH90000026: MySQL8Dialect has been deprecated; use org.hibernate.dialect.MySQLDialect instead
2026-01-07 01:08:52 [JavaFX-Launcher] INFO  JtaPlatformInitiator - HHH000489: No JTA platform available (set 'hibernate.transaction.jta.platform' to enable JTA platform integration)
2026-01-07 01:08:52 [JavaFX-Launcher] INFO  access - HHH10001501: Connection obtained from JdbcConnectionAccess [org.hibernate.engine.jdbc.env.internal.JdbcEnvironmentInitiator$ConnectionProviderJdbcConnectionAccess@4503d8ae] for (non-JTA) DDL execution was not in auto-commit mode; the Connection 'local transaction' will be committed and the Connection will be set into auto-commit mode.
2026-01-07 01:08:52 [JavaFX-Launcher] INFO  LogHelper - HHH000204: Processing PersistenceUnitInfo [name: myPU]
2026-01-07 01:08:52 [JavaFX-Launcher] WARN  deprecation - HHH90000021: Encountered deprecated setting [javax.persistence.jdbc.user], use [jakarta.persistence.jdbc.user] instead
2026-01-07 01:08:52 [JavaFX-Launcher] WARN  deprecation - HHH90000021: Encountered deprecated setting [javax.persistence.jdbc.password], use [jakarta.persistence.jdbc.password] instead
2026-01-07 01:08:52 [JavaFX-Launcher] WARN  deprecation - HHH90000021: Encountered deprecated setting [javax.persistence.jdbc.url], use [jakarta.persistence.jdbc.url] instead
2026-01-07 01:08:52 [JavaFX-Launcher] WARN  deprecation - HHH90000021: Encountered deprecated setting [javax.persistence.jdbc.driver], use [jakarta.persistence.jdbc.driver] instead
2026-01-07 01:08:52 [JavaFX-Launcher] INFO  RegionFactoryInitiator - HHH000026: Second-level cache disabled
2026-01-07 01:08:52 [JavaFX-Launcher] WARN  pooling - HHH10001002: Using built-in connection pool (not intended for production use)
2026-01-07 01:08:52 [JavaFX-Launcher] INFO  pooling - HHH10001005: Loaded JDBC driver class: com.mysql.cj.jdbc.Driver
2026-01-07 01:08:52 [JavaFX-Launcher] INFO  pooling - HHH10001012: Connecting with JDBC URL [jdbc:mysql://localhost:3306/hotel]
2026-01-07 01:08:52 [JavaFX-Launcher] INFO  pooling - HHH10001001: Connection properties: {password=****, user=root}
2026-01-07 01:08:52 [JavaFX-Launcher] INFO  pooling - HHH10001003: Autocommit mode: false
2026-01-07 01:08:52 [JavaFX-Launcher] INFO  pooling - HHH10001115: Connection pool size: 20 (min=1)
2026-01-07 01:08:52 [JavaFX-Launcher] WARN  deprecation - HHH90000025: MySQL8Dialect does not need to be specified explicitly using 'hibernate.dialect' (remove the property setting and it will be selected by default)
2026-01-07 01:08:52 [JavaFX-Launcher] WARN  deprecation - HHH90000026: MySQL8Dialect has been deprecated; use org.hibernate.dialect.MySQLDialect instead
2026-01-07 01:08:52 [JavaFX-Launcher] INFO  JtaPlatformInitiator - HHH000489: No JTA platform available (set 'hibernate.transaction.jta.platform' to enable JTA platform integration)
2026-01-07 01:08:52 [JavaFX-Launcher] INFO  access - HHH10001501: Connection obtained from JdbcConnectionAccess [org.hibernate.engine.jdbc.env.internal.JdbcEnvironmentInitiator$ConnectionProviderJdbcConnectionAccess@5a1ea881] for (non-JTA) DDL execution was not in auto-commit mode; the Connection 'local transaction' will be committed and the Connection will be set into auto-commit mode.
2026-01-07 01:08:52 [JavaFX-Launcher] INFO  LogHelper - HHH000204: Processing PersistenceUnitInfo [name: myPU]
2026-01-07 01:08:52 [JavaFX-Launcher] WARN  deprecation - HHH90000021: Encountered deprecated setting [javax.persistence.jdbc.user], use [jakarta.persistence.jdbc.user] instead
2026-01-07 01:08:52 [JavaFX-Launcher] WARN  deprecation - HHH90000021: Encountered deprecated setting [javax.persistence.jdbc.password], use [jakarta.persistence.jdbc.password] instead
2026-01-07 01:08:52 [JavaFX-Launcher] WARN  deprecation - HHH90000021: Encountered deprecated setting [javax.persistence.jdbc.url], use [jakarta.persistence.jdbc.url] instead
2026-01-07 01:08:52 [JavaFX-Launcher] WARN  deprecation - HHH90000021: Encountered deprecated setting [javax.persistence.jdbc.driver], use [jakarta.persistence.jdbc.driver] instead
2026-01-07 01:08:52 [JavaFX-Launcher] INFO  RegionFactoryInitiator - HHH000026: Second-level cache disabled
2026-01-07 01:08:52 [JavaFX-Launcher] WARN  pooling - HHH10001002: Using built-in connection pool (not intended for production use)
2026-01-07 01:08:52 [JavaFX-Launcher] INFO  pooling - HHH10001005: Loaded JDBC driver class: com.mysql.cj.jdbc.Driver
2026-01-07 01:08:52 [JavaFX-Launcher] INFO  pooling - HHH10001012: Connecting with JDBC URL [jdbc:mysql://localhost:3306/hotel]
2026-01-07 01:08:52 [JavaFX-Launcher] INFO  pooling - HHH10001001: Connection properties: {password=****, user=root}
2026-01-07 01:08:52 [JavaFX-Launcher] INFO  pooling - HHH10001003: Autocommit mode: false
2026-01-07 01:08:52 [JavaFX-Launcher] INFO  pooling - HHH10001115: Connection pool size: 20 (min=1)
2026-01-07 01:08:52 [JavaFX-Launcher] WARN  deprecation - HHH90000025: MySQL8Dialect does not need to be specified explicitly using 'hibernate.dialect' (remove the property setting and it will be selected by default)
2026-01-07 01:08:52 [JavaFX-Launcher] WARN  deprecation - HHH90000026: MySQL8Dialect has been deprecated; use org.hibernate.dialect.MySQLDialect instead
2026-01-07 01:08:52 [JavaFX-Launcher] INFO  JtaPlatformInitiator - HHH000489: No JTA platform available (set 'hibernate.transaction.jta.platform' to enable JTA platform integration)
2026-01-07 01:08:52 [JavaFX-Launcher] INFO  access - HHH10001501: Connection obtained from JdbcConnectionAccess [org.hibernate.engine.jdbc.env.internal.JdbcEnvironmentInitiator$ConnectionProviderJdbcConnectionAccess@753d543d] for (non-JTA) DDL execution was not in auto-commit mode; the Connection 'local transaction' will be committed and the Connection will be set into auto-commit mode.
2026-01-07 01:08:52 [JavaFX-Launcher] INFO  LogHelper - HHH000204: Processing PersistenceUnitInfo [name: myPU]
2026-01-07 01:08:52 [JavaFX-Launcher] WARN  deprecation - HHH90000021: Encountered deprecated setting [javax.persistence.jdbc.user], use [jakarta.persistence.jdbc.user] instead
2026-01-07 01:08:52 [JavaFX-Launcher] WARN  deprecation - HHH90000021: Encountered deprecated setting [javax.persistence.jdbc.password], use [jakarta.persistence.jdbc.password] instead
2026-01-07 01:08:52 [JavaFX-Launcher] WARN  deprecation - HHH90000021: Encountered deprecated setting [javax.persistence.jdbc.url], use [jakarta.persistence.jdbc.url] instead
2026-01-07 01:08:52 [JavaFX-Launcher] WARN  deprecation - HHH90000021: Encountered deprecated setting [javax.persistence.jdbc.driver], use [jakarta.persistence.jdbc.driver] instead
2026-01-07 01:08:52 [JavaFX-Launcher] INFO  RegionFactoryInitiator - HHH000026: Second-level cache disabled
2026-01-07 01:08:52 [JavaFX-Launcher] WARN  pooling - HHH10001002: Using built-in connection pool (not intended for production use)
2026-01-07 01:08:52 [JavaFX-Launcher] INFO  pooling - HHH10001005: Loaded JDBC driver class: com.mysql.cj.jdbc.Driver
2026-01-07 01:08:52 [JavaFX-Launcher] INFO  pooling - HHH10001012: Connecting with JDBC URL [jdbc:mysql://localhost:3306/hotel]
2026-01-07 01:08:52 [JavaFX-Launcher] INFO  pooling - HHH10001001: Connection properties: {password=****, user=root}
2026-01-07 01:08:52 [JavaFX-Launcher] INFO  pooling - HHH10001003: Autocommit mode: false
2026-01-07 01:08:52 [JavaFX-Launcher] INFO  pooling - HHH10001115: Connection pool size: 20 (min=1)
2026-01-07 01:08:52 [JavaFX-Launcher] WARN  deprecation - HHH90000025: MySQL8Dialect does not need to be specified explicitly using 'hibernate.dialect' (remove the property setting and it will be selected by default)
2026-01-07 01:08:52 [JavaFX-Launcher] WARN  deprecation - HHH90000026: MySQL8Dialect has been deprecated; use org.hibernate.dialect.MySQLDialect instead
2026-01-07 01:08:52 [JavaFX-Launcher] INFO  JtaPlatformInitiator - HHH000489: No JTA platform available (set 'hibernate.transaction.jta.platform' to enable JTA platform integration)
2026-01-07 01:08:52 [JavaFX-Launcher] INFO  access - HHH10001501: Connection obtained from JdbcConnectionAccess [org.hibernate.engine.jdbc.env.internal.JdbcEnvironmentInitiator$ConnectionProviderJdbcConnectionAccess@5b496576] for (non-JTA) DDL execution was not in auto-commit mode; the Connection 'local transaction' will be committed and the Connection will be set into auto-commit mode.
2026-01-07 01:08:53 [pool-3-thread-1] INFO  ReservationRepositoryImpl - Expired reservations: 0
2026-01-07 01:08:53 [pool-3-thread-1] INFO  ReservationService - 0 needed Reservations for terminating
2026-01-07 01:08:53 [pool-3-thread-1] INFO  ReservationNoShownTerminateTask - Update for no shown reservation has been executed
2026-01-07 01:08:53 [pool-3-thread-1] INFO  ReservationService - Number reservations0
2026-01-07 01:08:53 [pool-3-thread-1] INFO  RoomsCheckoutTask - Checkout rooms task has been executed successfully
2026-01-07 01:08:57 [JavaFX Application Thread] INFO  UserService - Successfully logged in USER : admin
2026-01-07 01:09:23 [JavaFX Application Thread] INFO  UserService - USER Damian HAS BEEN CREATED BY org.example.model.user.User@6f910c50
2026-01-07 01:10:03 [JavaFX Application Thread] INFO  UserService - USER Martin HAS BEEN CREATED BY org.example.model.user.User@6f910c50
2026-01-07 01:10:18 [JavaFX Application Thread] INFO  HotelService - Hotel with name Crystal Palace has been created
2026-01-07 01:10:47 [JavaFX Application Thread] INFO  UserService - Successfully logged in USER : damian
2026-01-07 01:11:28 [JavaFX Application Thread] INFO  UserService - USER Marian HAS BEEN CREATED BY org.example.model.user.User@199350eb
2026-01-07 01:11:33 [JavaFX Application Thread] INFO  HotelService - Successfully added receptionist with name: Marian Dimitrov
2026-01-07 01:12:07 [JavaFX Application Thread] INFO  AmenityService - Amenity 'SPA' added to Hotel 'Crystal Palace'
2026-01-07 01:12:14 [JavaFX Application Thread] INFO  AmenityService - Amenity 'SPA' updated successfully
2026-01-07 01:12:34 [JavaFX Application Thread] INFO  RoomService - Successfully created room with number: 101
2026-01-07 01:12:48 [JavaFX Application Thread] INFO  RoomService - Successfully created room with number: 205
2026-01-07 01:13:00 [JavaFX Application Thread] INFO  RoomService - Successfully created room with number: 204
2026-01-07 01:13:18 [JavaFX Application Thread] INFO  RoomService - Successfully created room with number: 504
2026-01-07 01:13:34 [JavaFX Application Thread] INFO  RoomService - Successfully created room with number: 704
2026-01-07 01:14:59 [JavaFX Application Thread] INFO  HotelService - Successfully assigned manager to hotel with id: 1
2026-01-07 01:15:07 [JavaFX Application Thread] INFO  HotelService - Successfully assigned manager to hotel with id: 1
2026-01-07 01:15:28 [JavaFX Application Thread] INFO  UserService - Successfully logged in USER : martin
2026-01-07 01:15:57 [JavaFX Application Thread] INFO  ClientService - Client Maximiliano Marinov has been created
2026-01-07 01:16:13 [JavaFX Application Thread] INFO  ClientService - Client Kristofer Dimitrov has been created
2026-01-07 01:20:59 [JavaFX Application Thread] INFO  ClientService - Client Maria Ivanova has been created
2026-01-07 01:25:36 [JavaFX Application Thread] INFO  UserService - USER Cvetan HAS BEEN CREATED BY org.example.model.user.User@6d3cba61
2026-01-07 01:25:44 [JavaFX Application Thread] INFO  HotelService - Successfully added receptionist with name: Cvetan Georgiev
2026-01-07 01:26:40 [JavaFX Application Thread] ERROR UserService - Incorrect username or password
2026-01-07 01:26:43 [JavaFX Application Thread] INFO  UserService - Successfully logged in USER : cvetan
2026-01-07 01:27:25 [JavaFX Application Thread] INFO  ClientService - Client Kiril Georgiev has been created
2026-01-07 01:28:53 [pool-3-thread-1] INFO  ReservationService - Number reservations0
2026-01-07 01:28:53 [pool-3-thread-1] INFO  RoomsCheckoutTask - Checkout rooms task has been executed successfully
