Client: Nikola Nikolov
Hotel: Reina Del Mar
Phone: 0891234442
Date: 2026-01-02T13:56:53.518740800

Client: Georgi Atanasov
Hotel: Reina Del Mar
Phone: 1234567892
Date: 2026-01-02T13:56:53.526735200

Client: Nikola Nikolov
Hotel: Reina Del Mar
Phone: 0891234442
Date: 02-01-2026 14:01:32

Client: Georgi Atanasov
Hotel: Reina Del Mar
Phone: 1234567892
Date: 02-01-2026 14:01:32

Client: Nikola Nikolov
Hotel: Reina Del Mar
Phone: 0891234442
Date: 02-01-2026 14:13:25

Client: Georgi Atanasov
Hotel: Reina Del Mar
Phone: 1234567892
Date: 02-01-2026 14:13:25

Client: Nikola Nikolov
Hotel: Reina Del Mar
Phone: 0891234442
Date: 02-01-2026 14:13:28

Client: Georgi Atanasov
Hotel: Reina Del Mar
Phone: 1234567892
Date: 02-01-2026 14:13:28

Client: Nikola Nikolov
Hotel: Reina Del Mar
Phone: 0891234442
Date: 02-01-2026 14:14:01

Client: Georgi Atanasov
Hotel: Reina Del Mar
Phone: 1234567892
Date: 02-01-2026 14:14:01

Client: Nikola Nikolov
Hotel: Reina Del Mar
Phone: 0891234442
Date: 02-01-2026 14:14:49

Client: Georgi Atanasov
Hotel: Reina Del Mar
Phone: 1234567892
Date: 02-01-2026 14:14:49

Client: Nikola Nikolov
Hotel: Reina Del Mar
Phone: 0891234442
Date: 02-01-2026 17:50:41
No shown count: 2
Client's rating: 0.00

Client: Georgi Atanasov
Hotel: Reina Del Mar
Phone: 1234567892
Date: 02-01-2026 17:50:41
No shown count: 2
Client's rating: 0.00

Client: Maximm Apostolov
Hotel: Reina Del Mar
Phone: 0898946871
Date: 02-01-2026 17:55:32
No shown count: 2
Client's rating: 0.00

Client: John Doe
Hotel: Test Hotel
Phone: 123
Date: 06-01-2026 00:15:17
No shown count: 3
Client's rating: 2.50

Client: John Doe
Hotel: Test Hotel
Phone: 123
Date: 06-01-2026 00:45:10
No shown count: 3
Client's rating: 2.50

Client: John Doe
Hotel: Test Hotel
Phone: 123
Date: 06-01-2026 00:56:58
No shown count: 3
Client's rating: 2.50

Client: John Doe
Hotel: Test Hotel
Phone: 123
Date: 06-01-2026 01:04:07
No shown count: 3
Client's rating: 2.50

Client: John Doe
Hotel: Test Hotel
Phone: 123
Date: 06-01-2026 01:30:18
No shown count: 3
Client's rating: 2.50

Client: John Doe
Hotel: Test Hotel
Phone: 123
Date: 06-01-2026 01:36:15
No shown count: 3
Client's rating: 2.50

Client: Georgi Atanasov
Hotel: Reina Del Mar
Phone: 1234567892
Date: 06-01-2026 04:40:21
No shown count: 2
Client's rating: 0.00

Client: Nikola Nikolov
Hotel: Reina Del Mar
Phone: 0891234442
Date: 06-01-2026 04:54:09
No shown count: 2
Client's rating: 0.00

Client: Georgi Atanasov
Hotel: Reina Del Mar
Phone: 1234567892
Date: 06-01-2026 04:54:09
No shown count: 2
Client's rating: 0.00

Client: Georgi Atanasov
Hotel: Reina Del Mar
Phone: 1234567892
Date: 06-01-2026 05:01:28
No shown count: 2
Client's rating: 0.00

Client: Georgi Atanasov
Hotel: Reina Del Mar
Phone: 1234567892
Date: 06-01-2026 17:05:41
No shown count: 2
Client's rating: 0.00

Client: Nikola Nikolov
Hotel: Reina Del Mar
Phone: 0891234442
Date: 06-01-2026 17:23:20
No shown count: 2
Client's rating: 0.00

Client: Georgi Atanasov
Hotel: Reina Del Mar
Phone: 1234567892
Date: 06-01-2026 17:23:20
No shown count: 2
Client's rating: 2.00

Client: Maria Ivanova
Hotel: Crystal Palace
Phone: 89898943
Date: 07-01-2026 01:23:37
No shown count: 3
Client's rating: 0.00

Client: Maria Ivanova
Hotel: Crystal Palace
Phone: 89898943
Date: 07-01-2026 01:28:48
No shown count: 3
Client's rating: 0.00

